Archive member included to satisfy reference by file (symbol)

c:/ti/ccs900/ccs/tools/compiler/msp430-gcc-7.3.2.154_win32/bin/../lib/gcc/msp430-elf/7.3.2/../../../../msp430-elf/lib/large\libc.a(lib_a-printf.o)
                              ./blink.o (printf)
c:/ti/ccs900/ccs/tools/compiler/msp430-gcc-7.3.2.154_win32/bin/../lib/gcc/msp430-elf/7.3.2/../../../../msp430-elf/lib/large\libc.a(lib_a-findfp.o)
                              c:/ti/ccs900/ccs/tools/compiler/msp430-gcc-7.3.2.154_win32/bin/../lib/gcc/msp430-elf/7.3.2/../../../../msp430-elf/lib/large\libc.a(lib_a-printf.o) (__sinit)
c:/ti/ccs900/ccs/tools/compiler/msp430-gcc-7.3.2.154_win32/bin/../lib/gcc/msp430-elf/7.3.2/../../../../msp430-elf/lib/large\libc.a(lib_a-fwalk.o)
                              c:/ti/ccs900/ccs/tools/compiler/msp430-gcc-7.3.2.154_win32/bin/../lib/gcc/msp430-elf/7.3.2/../../../../msp430-elf/lib/large\libc.a(lib_a-findfp.o) (_fwalk)
c:/ti/ccs900/ccs/tools/compiler/msp430-gcc-7.3.2.154_win32/bin/../lib/gcc/msp430-elf/7.3.2/../../../../msp430-elf/lib/large\libc.a(lib_a-impure.o)
                              c:/ti/ccs900/ccs/tools/compiler/msp430-gcc-7.3.2.154_win32/bin/../lib/gcc/msp430-elf/7.3.2/../../../../msp430-elf/lib/large\libc.a(lib_a-findfp.o) (_global_impure_ptr)
c:/ti/ccs900/ccs/tools/compiler/msp430-gcc-7.3.2.154_win32/bin/../lib/gcc/msp430-elf/7.3.2/../../../../msp430-elf/lib/large\libc.a(lib_a-memset.o)
                              c:/ti/ccs900/ccs/tools/compiler/msp430-gcc-7.3.2.154_win32/bin/../lib/gcc/msp430-elf/7.3.2/../../../../msp430-elf/lib/large\libc.a(lib_a-findfp.o) (memset)
c:/ti/ccs900/ccs/tools/compiler/msp430-gcc-7.3.2.154_win32/bin/../lib/gcc/msp430-elf/7.3.2/../../../../msp430-elf/lib/large\libc.a(lib_a-nano-mallocr.o)
                              c:/ti/ccs900/ccs/tools/compiler/msp430-gcc-7.3.2.154_win32/bin/../lib/gcc/msp430-elf/7.3.2/../../../../msp430-elf/lib/large\libc.a(lib_a-findfp.o) (_malloc_r)
c:/ti/ccs900/ccs/tools/compiler/msp430-gcc-7.3.2.154_win32/bin/../lib/gcc/msp430-elf/7.3.2/../../../../msp430-elf/lib/large\libc.a(lib_a-nano-vfprintf.o)
                              c:/ti/ccs900/ccs/tools/compiler/msp430-gcc-7.3.2.154_win32/bin/../lib/gcc/msp430-elf/7.3.2/../../../../msp430-elf/lib/large\libc.a(lib_a-printf.o) (_vfprintf_r)
c:/ti/ccs900/ccs/tools/compiler/msp430-gcc-7.3.2.154_win32/bin/../lib/gcc/msp430-elf/7.3.2/../../../../msp430-elf/lib/large\libc.a(lib_a-sbrkr.o)
                              c:/ti/ccs900/ccs/tools/compiler/msp430-gcc-7.3.2.154_win32/bin/../lib/gcc/msp430-elf/7.3.2/../../../../msp430-elf/lib/large\libc.a(lib_a-nano-mallocr.o) (_sbrk_r)
c:/ti/ccs900/ccs/tools/compiler/msp430-gcc-7.3.2.154_win32/bin/../lib/gcc/msp430-elf/7.3.2/../../../../msp430-elf/lib/large\libc.a(lib_a-stdio.o)
                              c:/ti/ccs900/ccs/tools/compiler/msp430-gcc-7.3.2.154_win32/bin/../lib/gcc/msp430-elf/7.3.2/../../../../msp430-elf/lib/large\libc.a(lib_a-findfp.o) (__sread)
c:/ti/ccs900/ccs/tools/compiler/msp430-gcc-7.3.2.154_win32/bin/../lib/gcc/msp430-elf/7.3.2/../../../../msp430-elf/lib/large\libc.a(lib_a-wbuf.o)
                              c:/ti/ccs900/ccs/tools/compiler/msp430-gcc-7.3.2.154_win32/bin/../lib/gcc/msp430-elf/7.3.2/../../../../msp430-elf/lib/large\libc.a(lib_a-nano-vfprintf.o) (__swbuf_r)
c:/ti/ccs900/ccs/tools/compiler/msp430-gcc-7.3.2.154_win32/bin/../lib/gcc/msp430-elf/7.3.2/../../../../msp430-elf/lib/large\libc.a(lib_a-writer.o)
                              c:/ti/ccs900/ccs/tools/compiler/msp430-gcc-7.3.2.154_win32/bin/../lib/gcc/msp430-elf/7.3.2/../../../../msp430-elf/lib/large\libc.a(lib_a-stdio.o) (_write_r)
c:/ti/ccs900/ccs/tools/compiler/msp430-gcc-7.3.2.154_win32/bin/../lib/gcc/msp430-elf/7.3.2/../../../../msp430-elf/lib/large\libc.a(lib_a-wsetup.o)
                              c:/ti/ccs900/ccs/tools/compiler/msp430-gcc-7.3.2.154_win32/bin/../lib/gcc/msp430-elf/7.3.2/../../../../msp430-elf/lib/large\libc.a(lib_a-nano-vfprintf.o) (__swsetup_r)
c:/ti/ccs900/ccs/tools/compiler/msp430-gcc-7.3.2.154_win32/bin/../lib/gcc/msp430-elf/7.3.2/../../../../msp430-elf/lib/large\libc.a(lib_a-closer.o)
                              c:/ti/ccs900/ccs/tools/compiler/msp430-gcc-7.3.2.154_win32/bin/../lib/gcc/msp430-elf/7.3.2/../../../../msp430-elf/lib/large\libc.a(lib_a-stdio.o) (_close_r)
c:/ti/ccs900/ccs/tools/compiler/msp430-gcc-7.3.2.154_win32/bin/../lib/gcc/msp430-elf/7.3.2/../../../../msp430-elf/lib/large\libc.a(lib_a-fclose.o)
                              c:/ti/ccs900/ccs/tools/compiler/msp430-gcc-7.3.2.154_win32/bin/../lib/gcc/msp430-elf/7.3.2/../../../../msp430-elf/lib/large\libc.a(lib_a-findfp.o) (_fclose_r)
c:/ti/ccs900/ccs/tools/compiler/msp430-gcc-7.3.2.154_win32/bin/../lib/gcc/msp430-elf/7.3.2/../../../../msp430-elf/lib/large\libc.a(lib_a-fflush.o)
                              c:/ti/ccs900/ccs/tools/compiler/msp430-gcc-7.3.2.154_win32/bin/../lib/gcc/msp430-elf/7.3.2/../../../../msp430-elf/lib/large\libc.a(lib_a-fclose.o) (__sflush_r)
[...]
Memory Configuration

Name             Origin             Length             Attributes
SFR              0x00000000         0x00000010
BSL              0x00001000         0x00000800
RAM              0x00001c00         0x00000800
INFOMEM          0x00001800         0x00000200
INFOA            0x00001980         0x00000080
INFOB            0x00001900         0x00000080
INFOC            0x00001880         0x00000080
INFOD            0x00001800         0x00000080
ROM              0x00004400         0x0000bb80         xr
HIFRAM           0x00010000         0x00003fff         xrw
JTAGSIGNATURE    0x0000ff80         0x00000004
BSLSIGNATURE     0x0000ff84         0x00000004
IPESIGNATURE     0x0000ff88         0x00000008
VECT1            0x0000ff90         0x00000002
VECT2            0x0000ff92         0x00000002
VECT3            0x0000ff94         0x00000002
VECT4            0x0000ff96         0x00000002
VECT5            0x0000ff98         0x00000002
VECT6            0x0000ff9a         0x00000002
VECT7            0x0000ff9c         0x00000002
VECT8            0x0000ff9e         0x00000002
VECT9            0x0000ffa0         0x00000002
VECT10           0x0000ffa2         0x00000002
VECT11           0x0000ffa4         0x00000002
VECT12           0x0000ffa6         0x00000002
VECT13           0x0000ffa8         0x00000002
VECT14           0x0000ffaa         0x00000002
VECT15           0x0000ffac         0x00000002
VECT16           0x0000ffae         0x00000002
VECT17           0x0000ffb0         0x00000002
VECT18           0x0000ffb2         0x00000002
VECT19           0x0000ffb4         0x00000002
VECT20           0x0000ffb6         0x00000002
VECT21           0x0000ffb8         0x00000002
VECT22           0x0000ffba         0x00000002
VECT23           0x0000ffbc         0x00000002
VECT24           0x0000ffbe         0x00000002
VECT25           0x0000ffc0         0x00000002
VECT26           0x0000ffc2         0x00000002
VECT27           0x0000ffc4         0x00000002
VECT28           0x0000ffc6         0x00000002
VECT29           0x0000ffc8         0x00000002
VECT30           0x0000ffca         0x00000002
VECT31           0x0000ffcc         0x00000002
VECT32           0x0000ffce         0x00000002
VECT33           0x0000ffd0         0x00000002
VECT34           0x0000ffd2         0x00000002
VECT35           0x0000ffd4         0x00000002
VECT36           0x0000ffd6         0x00000002
VECT37           0x0000ffd8         0x00000002
VECT38           0x0000ffda         0x00000002
VECT39           0x0000ffdc         0x00000002
VECT40           0x0000ffde         0x00000002
VECT41           0x0000ffe0         0x00000002
VECT42           0x0000ffe2         0x00000002
VECT43           0x0000ffe4         0x00000002
VECT44           0x0000ffe6         0x00000002
VECT45           0x0000ffe8         0x00000002
VECT46           0x0000ffea         0x00000002
VECT47           0x0000ffec         0x00000002
VECT48           0x0000ffee         0x00000002
VECT49           0x0000fff0         0x00000002
VECT50           0x0000fff2         0x00000002
VECT51           0x0000fff4         0x00000002
VECT52           0x0000fff6         0x00000002
VECT53           0x0000fff8         0x00000002
VECT54           0x0000fffa         0x00000002
VECT55           0x0000fffc         0x00000002
RESETVEC         0x0000fffe         0x00000002
*default*        0x00000000         0xffffffff

Linker script and memory map

LOAD c:/ti/ccs900/ccs/tools/compiler/msp430-gcc-7.3.2.154_win32/bin/../lib/gcc/msp430-elf/7.3.2/../../../../msp430-elf/lib/large/crt0.o
LOAD c:/ti/ccs900/ccs/tools/compiler/msp430-gcc-7.3.2.154_win32/bin/../lib/gcc/msp430-elf/7.3.2/large/crtbegin.o
LOAD ./adc.o
LOAD ./blink.o
START GROUP
LOAD c:/ti/ccs900/ccs/tools/compiler/msp430-gcc-7.3.2.154_win32/bin/../lib/gcc/msp430-elf/7.3.2/large\libgcc.a
LOAD c:/ti/ccs900/ccs/tools/compiler/msp430-gcc-7.3.2.154_win32/bin/../lib/gcc/msp430-elf/7.3.2/../../../../msp430-elf/lib/large\libc.a
END GROUP
LOAD c:/ti/ccs900/ccs/tools/compiler/msp430-gcc-7.3.2.154_win32/bin/../lib/gcc/msp430-elf/7.3.2/large\libgcc.a
START GROUP
LOAD c:/ti/ccs900/ccs/tools/compiler/msp430-gcc-7.3.2.154_win32/bin/../lib/gcc/msp430-elf/7.3.2/large\libmul_f5.a
LOAD c:/ti/ccs900/ccs/tools/compiler/msp430-gcc-7.3.2.154_win32/bin/../lib/gcc/msp430-elf/7.3.2/../../../../msp430-elf/lib/large\libc.a
LOAD c:/ti/ccs900/ccs/tools/compiler/msp430-gcc-7.3.2.154_win32/bin/../lib/gcc/msp430-elf/7.3.2/large\libgcc.a
LOAD c:/ti/ccs900/ccs/tools/compiler/msp430-gcc-7.3.2.154_win32/bin/../lib/gcc/msp430-elf/7.3.2/../../../../msp430-elf/lib/large\libcrt.a
LOAD c:/ti/ccs900/ccs/tools/compiler/msp430-gcc-7.3.2.154_win32/bin/../lib/gcc/msp430-elf/7.3.2/../../../../msp430-elf/lib/large\libnosys.a
END GROUP
LOAD c:/ti/ccs900/ccs/tools/compiler/msp430-gcc-7.3.2.154_win32/bin/../lib/gcc/msp430-elf/7.3.2/large\libgcc.a
LOAD c:/ti/ccs900/ccs/tools/compiler/msp430-gcc-7.3.2.154_win32/bin/../lib/gcc/msp430-elf/7.3.2/large/crtend.o
LOAD c:/ti/ccs900/ccs/tools/compiler/msp430-gcc-7.3.2.154_win32/bin/../lib/gcc/msp430-elf/7.3.2/../../../../msp430-elf/lib/large/crtn.o
LOAD c:/ti/ccs900/ccs/tools/compiler/msp430-gcc-7.3.2.154_win32/bin/../lib/gcc/msp430-elf/7.3.2/large\libgcc.a

.jtagsignature

.bslsignature

.ipe
 *(.ipesignature)
 *(.jtagpassword)

__interrupt_vector_1
 *(__interrupt_vector_1)

__interrupt_vector_2
 *(__interrupt_vector_2)

__interrupt_vector_3
 *(__interrupt_vector_3)

__interrupt_vector_4
 *(__interrupt_vector_4)

__interrupt_vector_5
 *(__interrupt_vector_5)

__interrupt_vector_6
 *(__interrupt_vector_6)

__interrupt_vector_7
 *(__interrupt_vector_7)

__interrupt_vector_8
 *(__interrupt_vector_8)

__interrupt_vector_9
 *(__interrupt_vector_9)

__interrupt_vector_10
 *(__interrupt_vector_10)

__interrupt_vector_11
 *(__interrupt_vector_11)

__interrupt_vector_12
 *(__interrupt_vector_12)

__interrupt_vector_13
 *(__interrupt_vector_13)

__interrupt_vector_14
 *(__interrupt_vector_14)

__interrupt_vector_15
 *(__interrupt_vector_15)

__interrupt_vector_16
 *(__interrupt_vector_16)

__interrupt_vector_17
 *(__interrupt_vector_17)

__interrupt_vector_18
 *(__interrupt_vector_18)

__interrupt_vector_19
 *(__interrupt_vector_19)

__interrupt_vector_20
 *(__interrupt_vector_20)

__interrupt_vector_21
 *(__interrupt_vector_21)

__interrupt_vector_22
 *(__interrupt_vector_22)

__interrupt_vector_23
 *(__interrupt_vector_23)

__interrupt_vector_24
 *(__interrupt_vector_24)

__interrupt_vector_25
 *(__interrupt_vector_25)

__interrupt_vector_26
 *(__interrupt_vector_26)

__interrupt_vector_27
 *(__interrupt_vector_27)

__interrupt_vector_28
 *(__interrupt_vector_28)

__interrupt_vector_29
 *(__interrupt_vector_29)

__interrupt_vector_30
 *(__interrupt_vector_30)

__interrupt_vector_31
 *(__interrupt_vector_31)
 *(__interrupt_vector_aes256)

__interrupt_vector_32
 *(__interrupt_vector_32)
 *(__interrupt_vector_rtc)

__interrupt_vector_33
 *(__interrupt_vector_33)
 *(__interrupt_vector_port4)

__interrupt_vector_34
 *(__interrupt_vector_34)
 *(__interrupt_vector_port3)

__interrupt_vector_35
 *(__interrupt_vector_35)
 *(__interrupt_vector_timer3_a1)

__interrupt_vector_36
 *(__interrupt_vector_36)
 *(__interrupt_vector_timer3_a0)

__interrupt_vector_37
 *(__interrupt_vector_37)
 *(__interrupt_vector_port2)

__interrupt_vector_38
 *(__interrupt_vector_38)
 *(__interrupt_vector_timer2_a1)

__interrupt_vector_39
 *(__interrupt_vector_39)
 *(__interrupt_vector_timer2_a0)

__interrupt_vector_40
 *(__interrupt_vector_40)
 *(__interrupt_vector_port1)

__interrupt_vector_41
 *(__interrupt_vector_41)
 *(__interrupt_vector_timer1_a1)

__interrupt_vector_42
 *(__interrupt_vector_42)
 *(__interrupt_vector_timer1_a0)

__interrupt_vector_43
 *(__interrupt_vector_43)
 *(__interrupt_vector_dma)

__interrupt_vector_44
 *(__interrupt_vector_44)
 *(__interrupt_vector_usci_a1)

__interrupt_vector_45
 *(__interrupt_vector_45)
 *(__interrupt_vector_timer0_a1)

__interrupt_vector_46
 *(__interrupt_vector_46)
 *(__interrupt_vector_timer0_a0)

__interrupt_vector_47
 *(__interrupt_vector_47)
 *(__interrupt_vector_adc12)

__interrupt_vector_48
 *(__interrupt_vector_48)
 *(__interrupt_vector_usci_b0)

__interrupt_vector_49
 *(__interrupt_vector_49)
 *(__interrupt_vector_usci_a0)

__interrupt_vector_50
 *(__interrupt_vector_50)
 *(__interrupt_vector_wdt)

__interrupt_vector_51
 *(__interrupt_vector_51)
 *(__interrupt_vector_timer0_b1)

__interrupt_vector_52
 *(__interrupt_vector_52)
 *(__interrupt_vector_timer0_b0)

__interrupt_vector_53
 *(__interrupt_vector_53)
 *(__interrupt_vector_comp_e)

__interrupt_vector_54
 *(__interrupt_vector_54)
 *(__interrupt_vector_unmi)

__interrupt_vector_55
 *(__interrupt_vector_55)
 *(__interrupt_vector_sysnmi)

__reset_vector  0x0000fffe        0x2
 *(__interrupt_vector_56)
 *(__interrupt_vector_reset)
 *(.resetvec)
 .resetvec      0x0000fffe        0x2 c:/ti/ccs900/ccs/tools/compiler/msp430-gcc-7.3.2.154_win32/bin/../lib/gcc/msp430-elf/7.3.2/../../../../msp430-elf/lib/large/crt0.o

.lower.rodata   0x00004400       0x9f
                0x00004400                . = ALIGN (0x2)
 *(.lower.rodata.* .lower.rodata)
 .lower.rodata  0x00004400        0x4 ./blink.o
 .lower.rodata.__sf_fake_stderr
                0x00004404       0x18 c:/ti/ccs900/ccs/tools/compiler/msp430-gcc-7.3.2.154_win32/bin/../lib/gcc/msp430-elf/7.3.2/../../../../msp430-elf/lib/large\libc.a(lib_a-findfp.o)
                0x00004404                __sf_fake_stderr
 .lower.rodata.__sf_fake_stdout
                0x0000441c       0x18 c:/ti/ccs900/ccs/tools/compiler/msp430-gcc-7.3.2.154_win32/bin/../lib/gcc/msp430-elf/7.3.2/../../../../msp430-elf/lib/large\libc.a(lib_a-findfp.o)
                0x0000441c                __sf_fake_stdout
 .lower.rodata.__sf_fake_stdin
                0x00004434       0x18 c:/ti/ccs900/ccs/tools/compiler/msp430-gcc-7.3.2.154_win32/bin/../lib/gcc/msp430-elf/7.3.2/../../../../msp430-elf/lib/large\libc.a(lib_a-findfp.o)
                0x00004434                __sf_fake_stdin
 .lower.rodata._global_impure_ptr
                0x0000444c        0x4 c:/ti/ccs900/ccs/tools/compiler/msp430-gcc-7.3.2.154_win32/bin/../lib/gcc/msp430-elf/7.3.2/../../../../msp430-elf/lib/large\libc.a(lib_a-impure.o)
                0x0000444c                _global_impure_ptr
 .lower.rodata  0x00004450        0x2 c:/ti/ccs900/ccs/tools/compiler/msp430-gcc-7.3.2.154_win32/bin/../lib/gcc/msp430-elf/7.3.2/../../../../msp430-elf/lib/large\libc.a(lib_a-impure.o)
 .lower.rodata  0x00004452       0x11 c:/ti/ccs900/ccs/tools/compiler/msp430-gcc-7.3.2.154_win32/bin/../lib/gcc/msp430-elf/7.3.2/../../../../msp430-elf/lib/large\libc.a(lib_a-nano-vfprintf.o)
 .lower.rodata  0x00004463        0xb c:/ti/ccs900/ccs/tools/compiler/msp430-gcc-7.3.2.154_win32/bin/../lib/gcc/msp430-elf/7.3.2/../../../../msp430-elf/lib/large\libc.a(lib_a-locale.o)
 .lower.rodata  0x00004463       0x22 c:/ti/ccs900/ccs/tools/compiler/msp430-gcc-7.3.2.154_win32/bin/../lib/gcc/msp430-elf/7.3.2/../../../../msp430-elf/lib/large\libc.a(lib_a-nano-vfprintf_i.o)
 .lower.rodata.__clz_tab
                0x00004485      0x100 c:/ti/ccs900/ccs/tools/compiler/msp430-gcc-7.3.2.154_win32/bin/../lib/gcc/msp430-elf/7.3.2/large\libgcc.a(_clz.o)
                0x00004485                __clz_tab
 .lower.rodata  0x00004485       0x1a c:/ti/ccs900/ccs/tools/compiler/msp430-gcc-7.3.2.154_win32/bin/../lib/gcc/msp430-elf/7.3.2/../../../../msp430-elf/lib/large\libnosys.a(sbrk.o)

.rodata         0x0000449f        0x1
                0x000044a0                . = ALIGN (0x2)
 *fill*         0x0000449f        0x1 
 *(.plt)
 *(.rodata .rodata.* .gnu.linkonce.r.* .const .const:*)
 *(.rodata1)
 *(.gcc_except_table)
 *(.gcc_except_table.*)

.rodata2        0x000044a0       0x5c
                0x000044a0                . = ALIGN (0x2)
                0x000044a0                PROVIDE (__preinit_array_start, .)
 *(.preinit_array)
                0x000044a0                PROVIDE (__preinit_array_end, .)
                0x000044a0                . = ALIGN (0x2)
                0x000044a0                PROVIDE (__init_array_start, .)
 *(SORT(.init_array.*))
 *(.init_array)
                0x000044a0                PROVIDE (__init_array_end, .)
                0x000044a0                . = ALIGN (0x2)
                0x000044a0                PROVIDE (__fini_array_start, .)
 *(.fini_array)
 *(SORT(.fini_array.*))
                0x000044a0                PROVIDE (__fini_array_end, .)
                0x000044a0                . = ALIGN (0x2)
 *(.eh_frame_hdr)
 *(.eh_frame)
 .eh_frame      0x000044a0        0x0 c:/ti/ccs900/ccs/tools/compiler/msp430-gcc-7.3.2.154_win32/bin/../lib/gcc/msp430-elf/7.3.2/large/crtbegin.o
 .eh_frame      0x000044a0       0x48 c:/ti/ccs900/ccs/tools/compiler/msp430-gcc-7.3.2.154_win32/bin/../lib/gcc/msp430-elf/7.3.2/large\libgcc.a(_udivdi3.o)
 .eh_frame      0x000044e8        0x4 c:/ti/ccs900/ccs/tools/compiler/msp430-gcc-7.3.2.154_win32/bin/../lib/gcc/msp430-elf/7.3.2/large/crtend.o
 *crtbegin*.o(.ctors)
 .ctors         0x000044ec        0x4 c:/ti/ccs900/ccs/tools/compiler/msp430-gcc-7.3.2.154_win32/bin/../lib/gcc/msp430-elf/7.3.2/large/crtbegin.o
 *(EXCLUDE_FILE(*crtend*.o) .ctors)
 *(SORT(.ctors.*))
 *(.ctors)
 .ctors         0x000044f0        0x4 c:/ti/ccs900/ccs/tools/compiler/msp430-gcc-7.3.2.154_win32/bin/../lib/gcc/msp430-elf/7.3.2/large/crtend.o
 *crtbegin*.o(.dtors)
 .dtors         0x000044f4        0x4 c:/ti/ccs900/ccs/tools/compiler/msp430-gcc-7.3.2.154_win32/bin/../lib/gcc/msp430-elf/7.3.2/large/crtbegin.o
 *(EXCLUDE_FILE(*crtend*.o) .dtors)
 *(SORT(.dtors.*))
 *(.dtors)
 .dtors         0x000044f8        0x4 c:/ti/ccs900/ccs/tools/compiler/msp430-gcc-7.3.2.154_win32/bin/../lib/gcc/msp430-elf/7.3.2/large/crtend.o
                0x000044f8                __DTOR_END__

.upper.rodata
 *(.upper.rodata.* .upper.rodata)

.persistent     0x000044fc        0x0
                0x000044fc                . = ALIGN (0x2)
                [!provide]                PROVIDE (__persistent_start, .)
 *(.persistent)
                0x000044fc                . = ALIGN (0x2)
                [!provide]                PROVIDE (__persistent_end, .)

.lower.data     0x00001c00      0x159 load address 0x000044fc
                0x00001c00                . = ALIGN (0x2)
                0x00001c00                PROVIDE (__datastart, .)
 *(.lower.data.* .lower.data)
 .lower.data    0x00001c00        0x0 c:/ti/ccs900/ccs/tools/compiler/msp430-gcc-7.3.2.154_win32/bin/../lib/gcc/msp430-elf/7.3.2/../../../../msp430-elf/lib/large/crt0.o
 .lower.data    0x00001c00        0x0 c:/ti/ccs900/ccs/tools/compiler/msp430-gcc-7.3.2.154_win32/bin/../lib/gcc/msp430-elf/7.3.2/large/crtbegin.o
 .lower.data.__dso_handle
                0x00001c00        0x4 c:/ti/ccs900/ccs/tools/compiler/msp430-gcc-7.3.2.154_win32/bin/../lib/gcc/msp430-elf/7.3.2/large/crtbegin.o
                0x00001c00                __dso_handle
 .lower.data    0x00001c00        0x0 ./adc.o
 .lower.data    0x00001c00        0x0 ./blink.o
 .lower.data    0x00001c00        0x0 c:/ti/ccs900/ccs/tools/compiler/msp430-gcc-7.3.2.154_win32/bin/../lib/gcc/msp430-elf/7.3.2/../../../../msp430-elf/lib/large\libc.a(lib_a-printf.o)
 .lower.data    0x00001c00        0x0 c:/ti/ccs900/ccs/tools/compiler/msp430-gcc-7.3.2.154_win32/bin/../lib/gcc/msp430-elf/7.3.2/../../../../msp430-elf/lib/large\libc.a(lib_a-findfp.o)
 .lower.data    0x00001c00        0x0 c:/ti/ccs900/ccs/tools/compiler/msp430-gcc-7.3.2.154_win32/bin/../lib/gcc/msp430-elf/7.3.2/../../../../msp430-elf/lib/large\libc.a(lib_a-fwalk.o)
 .lower.data    0x00001c00        0x0 c:/ti/ccs900/ccs/tools/compiler/msp430-gcc-7.3.2.154_win32/bin/../lib/gcc/msp430-elf/7.3.2/../../../../msp430-elf/lib/large\libc.a(lib_a-impure.o)
 .lower.data._impure_ptr
                0x00001c00        0x4 c:/ti/ccs900/ccs/tools/compiler/msp430-gcc-7.3.2.154_win32/bin/../lib/gcc/msp430-elf/7.3.2/../../../../msp430-elf/lib/large\libc.a(lib_a-impure.o)
                0x00001c00                _impure_ptr
 .lower.data.impure_data
                0x00001c04       0xe0 c:/ti/ccs900/ccs/tools/compiler/msp430-gcc-7.3.2.154_win32/bin/../lib/gcc/msp430-elf/7.3.2/../../../../msp430-elf/lib/large\libc.a(lib_a-impure.o)
 .lower.data    0x00001ce4        0x0 c:/ti/ccs900/ccs/tools/compiler/msp430-gcc-7.3.2.154_win32/bin/../lib/gcc/msp430-elf/7.3.2/../../../../msp430-elf/lib/large\libc.a(lib_a-memset.o)
 .lower.data    0x00001ce4        0x0 c:/ti/ccs900/ccs/tools/compiler/msp430-gcc-7.3.2.154_win32/bin/../lib/gcc/msp430-elf/7.3.2/../../../../msp430-elf/lib/large\libc.a(lib_a-nano-mallocr.o)
 .lower.data    0x00001ce4        0x0 c:/ti/ccs900/ccs/tools/compiler/msp430-gcc-7.3.2.154_win32/bin/../lib/gcc/msp430-elf/7.3.2/../../../../msp430-elf/lib/large\libc.a(lib_a-nano-vfprintf.o)
 .lower.data    0x00001ce4        0x0 c:/ti/ccs900/ccs/tools/compiler/msp430-gcc-7.3.2.154_win32/bin/../lib/gcc/msp430-elf/7.3.2/../../../../msp430-elf/lib/large\libc.a(lib_a-sbrkr.o)
 .lower.data    0x00001ce4        0x0 c:/ti/ccs900/ccs/tools/compiler/msp430-gcc-7.3.2.154_win32/bin/../lib/gcc/msp430-elf/7.3.2/../../../../msp430-elf/lib/large\libc.a(lib_a-stdio.o)
 .lower.data    0x00001ce4        0x0 c:/ti/ccs900/ccs/tools/compiler/msp430-gcc-7.3.2.154_win32/bin/../lib/gcc/msp430-elf/7.3.2/../../../../msp430-elf/lib/large\libc.a(lib_a-wbuf.o)
 .lower.data    0x00001ce4        0x0 c:/ti/ccs900/ccs/tools/compiler/msp430-gcc-7.3.2.154_win32/bin/../lib/gcc/msp430-elf/7.3.2/../../../../msp430-elf/lib/large\libc.a(lib_a-writer.o)
 .lower.data    0x00001ce4        0x0 c:/ti/ccs900/ccs/tools/compiler/msp430-gcc-7.3.2.154_win32/bin/../lib/gcc/msp430-elf/7.3.2/../../../../msp430-elf/lib/large\libc.a(lib_a-wsetup.o)
 .lower.data    0x00001ce4        0x0 c:/ti/ccs900/ccs/tools/compiler/msp430-gcc-7.3.2.154_win32/bin/../lib/gcc/msp430-elf/7.3.2/../../../../msp430-elf/lib/large\libc.a(lib_a-closer.o)
 .lower.data    0x00001ce4        0x0 c:/ti/ccs900/ccs/tools/compiler/msp430-gcc-7.3.2.154_win32/bin/../lib/gcc/msp430-elf/7.3.2/../../../../msp430-elf/lib/large\libc.a(lib_a-fclose.o)
 .lower.data    0x00001ce4        0x0 c:/ti/ccs900/ccs/tools/compiler/msp430-gcc-7.3.2.154_win32/bin/../lib/gcc/msp430-elf/7.3.2/../../../../msp430-elf/lib/large\libc.a(lib_a-fflush.o)
 .lower.data    0x00001ce4        0x0 c:/ti/ccs900/ccs/tools/compiler/msp430-gcc-7.3.2.154_win32/bin/../lib/gcc/msp430-elf/7.3.2/../../../../msp430-elf/lib/large\libc.a(lib_a-fputwc.o)
 .lower.data    0x00001ce4        0x0 c:/ti/ccs900/ccs/tools/compiler/msp430-gcc-7.3.2.154_win32/bin/../lib/gcc/msp430-elf/7.3.2/../../../../msp430-elf/lib/large\libc.a(lib_a-fvwrite.o)
 .lower.data    0x00001ce4        0x0 c:/ti/ccs900/ccs/tools/compiler/msp430-gcc-7.3.2.154_win32/bin/../lib/gcc/msp430-elf/7.3.2/../../../../msp430-elf/lib/large\libc.a(lib_a-locale.o)
 .lower.data.lc_message_charset
                0x00001ce4       0x20 c:/ti/ccs900/ccs/tools/compiler/msp430-gcc-7.3.2.154_win32/bin/../lib/gcc/msp430-elf/7.3.2/../../../../msp430-elf/lib/large\libc.a(lib_a-locale.o)
 .lower.data.lc_ctype_charset
                0x00001ce4       0x20 c:/ti/ccs900/ccs/tools/compiler/msp430-gcc-7.3.2.154_win32/bin/../lib/gcc/msp430-elf/7.3.2/../../../../msp430-elf/lib/large\libc.a(lib_a-locale.o)
 .lower.data.lconv
                0x00001d04       0x36 c:/ti/ccs900/ccs/tools/compiler/msp430-gcc-7.3.2.154_win32/bin/../lib/gcc/msp430-elf/7.3.2/../../../../msp430-elf/lib/large\libc.a(lib_a-locale.o)
 .lower.data.__mb_cur_max
                0x00001d04        0x2 c:/ti/ccs900/ccs/tools/compiler/msp430-gcc-7.3.2.154_win32/bin/../lib/gcc/msp430-elf/7.3.2/../../../../msp430-elf/lib/large\libc.a(lib_a-locale.o)
                0x00001d04                __mb_cur_max
 .lower.data    0x00001d06        0x0 c:/ti/ccs900/ccs/tools/compiler/msp430-gcc-7.3.2.154_win32/bin/../lib/gcc/msp430-elf/7.3.2/../../../../msp430-elf/lib/large\libc.a(lib_a-lseekr.o)
 .lower.data    0x00001d06        0x0 c:/ti/ccs900/ccs/tools/compiler/msp430-gcc-7.3.2.154_win32/bin/../lib/gcc/msp430-elf/7.3.2/../../../../msp430-elf/lib/large\libc.a(lib_a-makebuf.o)
 .lower.data    0x00001d06        0x0 c:/ti/ccs900/ccs/tools/compiler/msp430-gcc-7.3.2.154_win32/bin/../lib/gcc/msp430-elf/7.3.2/../../../../msp430-elf/lib/large\libc.a(lib_a-memchr.o)
 .lower.data    0x00001d06        0x0 c:/ti/ccs900/ccs/tools/compiler/msp430-gcc-7.3.2.154_win32/bin/../lib/gcc/msp430-elf/7.3.2/../../../../msp430-elf/lib/large\libc.a(lib_a-memcpy.o)
 .lower.data    0x00001d06        0x0 c:/ti/ccs900/ccs/tools/compiler/msp430-gcc-7.3.2.154_win32/bin/../lib/gcc/msp430-elf/7.3.2/../../../../msp430-elf/lib/large\libc.a(lib_a-memmove.o)
 .lower.data    0x00001d06        0x0 c:/ti/ccs900/ccs/tools/compiler/msp430-gcc-7.3.2.154_win32/bin/../lib/gcc/msp430-elf/7.3.2/../../../../msp430-elf/lib/large\libc.a(lib_a-nano-freer.o)
 .lower.data    0x00001d06        0x0 c:/ti/ccs900/ccs/tools/compiler/msp430-gcc-7.3.2.154_win32/bin/../lib/gcc/msp430-elf/7.3.2/../../../../msp430-elf/lib/large\libc.a(lib_a-nano-reallocr.o)
 .lower.data    0x00001d06        0x0 c:/ti/ccs900/ccs/tools/compiler/msp430-gcc-7.3.2.154_win32/bin/../lib/gcc/msp430-elf/7.3.2/../../../../msp430-elf/lib/large\libc.a(lib_a-nano-vfprintf_i.o)
 .lower.data    0x00001d06        0x0 c:/ti/ccs900/ccs/tools/compiler/msp430-gcc-7.3.2.154_win32/bin/../lib/gcc/msp430-elf/7.3.2/../../../../msp430-elf/lib/large\libc.a(lib_a-readr.o)
 .lower.data    0x00001d06        0x0 c:/ti/ccs900/ccs/tools/compiler/msp430-gcc-7.3.2.154_win32/bin/../lib/gcc/msp430-elf/7.3.2/../../../../msp430-elf/lib/large\libc.a(lib_a-reent.o)
 .lower.data    0x00001d06        0x0 c:/ti/ccs900/ccs/tools/compiler/msp430-gcc-7.3.2.154_win32/bin/../lib/gcc/msp430-elf/7.3.2/../../../../msp430-elf/lib/large\libc.a(lib_a-strcmp.o)
 .lower.data    0x00001d06        0x0 c:/ti/ccs900/ccs/tools/compiler/msp430-gcc-7.3.2.154_win32/bin/../lib/gcc/msp430-elf/7.3.2/../../../../msp430-elf/lib/large\libc.a(lib_a-wcrtomb.o)
 .lower.data    0x00001d06        0x0 c:/ti/ccs900/ccs/tools/compiler/msp430-gcc-7.3.2.154_win32/bin/../lib/gcc/msp430-elf/7.3.2/../../../../msp430-elf/lib/large\libc.a(lib_a-wctomb_r.o)
 .lower.data.__wctomb
                0x00001d06        0x4 c:/ti/ccs900/ccs/tools/compiler/msp430-gcc-7.3.2.154_win32/bin/../lib/gcc/msp430-elf/7.3.2/../../../../msp430-elf/lib/large\libc.a(lib_a-wctomb_r.o)
                0x00001d06                __wctomb
 .lower.data    0x00001d0a        0x0 c:/ti/ccs900/ccs/tools/compiler/msp430-gcc-7.3.2.154_win32/bin/../lib/gcc/msp430-elf/7.3.2/../../../../msp430-elf/lib/large\libc.a(lib_a-fstatr.o)
 .lower.data    0x00001d0a        0x0 c:/ti/ccs900/ccs/tools/compiler/msp430-gcc-7.3.2.154_win32/bin/../lib/gcc/msp430-elf/7.3.2/../../../../msp430-elf/lib/large\libc.a(lib_a-isattyr.o)
 .lower.data    0x00001d0a        0x0 c:/ti/ccs900/ccs/tools/compiler/msp430-gcc-7.3.2.154_win32/bin/../lib/gcc/msp430-elf/7.3.2/../../../../msp430-elf/lib/large\libc.a(lib_a-nano-msizer.o)
 .lower.data    0x00001d0a        0x0 c:/ti/ccs900/ccs/tools/compiler/msp430-gcc-7.3.2.154_win32/bin/../lib/gcc/msp430-elf/7.3.2/large\libgcc.a(lib2divHI.o)
 .lower.data    0x00001d0a        0x0 c:/ti/ccs900/ccs/tools/compiler/msp430-gcc-7.3.2.154_win32/bin/../lib/gcc/msp430-elf/7.3.2/large\libgcc.a(lib2divSI.o)
 .lower.data    0x00001d0a        0x0 c:/ti/ccs900/ccs/tools/compiler/msp430-gcc-7.3.2.154_win32/bin/../lib/gcc/msp430-elf/7.3.2/large\libgcc.a(slli.o)
 .lower.data    0x00001d0a        0x0 c:/ti/ccs900/ccs/tools/compiler/msp430-gcc-7.3.2.154_win32/bin/../lib/gcc/msp430-elf/7.3.2/large\libgcc.a(_udivdi3.o)
 .lower.data    0x00001d0a        0x0 c:/ti/ccs900/ccs/tools/compiler/msp430-gcc-7.3.2.154_win32/bin/../lib/gcc/msp430-elf/7.3.2/large\libgcc.a(_lshrdi3.o)
 .lower.data    0x00001d0a        0x0 c:/ti/ccs900/ccs/tools/compiler/msp430-gcc-7.3.2.154_win32/bin/../lib/gcc/msp430-elf/7.3.2/large\libgcc.a(_ashldi3.o)
 .lower.data    0x00001d0a        0x0 c:/ti/ccs900/ccs/tools/compiler/msp430-gcc-7.3.2.154_win32/bin/../lib/gcc/msp430-elf/7.3.2/large\libgcc.a(_clzdi2.o)
 .lower.data    0x00001d0a        0x0 c:/ti/ccs900/ccs/tools/compiler/msp430-gcc-7.3.2.154_win32/bin/../lib/gcc/msp430-elf/7.3.2/large\libgcc.a(srli.o)
 .lower.data    0x00001d0a        0x0 c:/ti/ccs900/ccs/tools/compiler/msp430-gcc-7.3.2.154_win32/bin/../lib/gcc/msp430-elf/7.3.2/large\libgcc.a(_clz.o)
 .lower.data    0x00001d0a        0x0 c:/ti/ccs900/ccs/tools/compiler/msp430-gcc-7.3.2.154_win32/bin/../lib/gcc/msp430-elf/7.3.2/large\libmul_f5.a(lib2hw_mul_f5.o)
 .lower.data    0x00001d0a        0x0 c:/ti/ccs900/ccs/tools/compiler/msp430-gcc-7.3.2.154_win32/bin/../lib/gcc/msp430-elf/7.3.2/large\libgcc.a(_muldi3.o)
 .lower.data    0x00001d0a        0x0 c:/ti/ccs900/ccs/tools/compiler/msp430-gcc-7.3.2.154_win32/bin/../lib/gcc/msp430-elf/7.3.2/../../../../msp430-elf/lib/large\libcrt.a(crt_bss.o)
 .lower.data    0x00001d0a        0x0 c:/ti/ccs900/ccs/tools/compiler/msp430-gcc-7.3.2.154_win32/bin/../lib/gcc/msp430-elf/7.3.2/../../../../msp430-elf/lib/large\libcrt.a(crt_movedata.o)
 .lower.data    0x00001d0a        0x0 c:/ti/ccs900/ccs/tools/compiler/msp430-gcc-7.3.2.154_win32/bin/../lib/gcc/msp430-elf/7.3.2/../../../../msp430-elf/lib/large\libcrt.a(crt_main.o)
 .lower.data    0x00001d0a        0x0 c:/ti/ccs900/ccs/tools/compiler/msp430-gcc-7.3.2.154_win32/bin/../lib/gcc/msp430-elf/7.3.2/../../../../msp430-elf/lib/large\libnosys.a(ciosyscalls.o)
 .lower.data    0x00001d0a        0x0 c:/ti/ccs900/ccs/tools/compiler/msp430-gcc-7.3.2.154_win32/bin/../lib/gcc/msp430-elf/7.3.2/../../../../msp430-elf/lib/large\libnosys.a(write.o)
 .lower.data    0x00001d0a        0x0 c:/ti/ccs900/ccs/tools/compiler/msp430-gcc-7.3.2.154_win32/bin/../lib/gcc/msp430-elf/7.3.2/../../../../msp430-elf/lib/large\libnosys.a(sbrk.o)
 .lower.data.heap.1367
                0x00001d0a        0x4 c:/ti/ccs900/ccs/tools/compiler/msp430-gcc-7.3.2.154_win32/bin/../lib/gcc/msp430-elf/7.3.2/../../../../msp430-elf/lib/large\libnosys.a(sbrk.o)
 .lower.data    0x00001d0e       0x4b c:/ti/ccs900/ccs/tools/compiler/msp430-gcc-7.3.2.154_win32/bin/../lib/gcc/msp430-elf/7.3.2/../../../../msp430-elf/lib/large\libnosys.a(cio.o)
                0x00001d0e                _CIOBUF_
                0x00001d0e                __CIOBUF__
 .lower.data    0x00001d59        0x0 c:/ti/ccs900/ccs/tools/compiler/msp430-gcc-7.3.2.154_win32/bin/../lib/gcc/msp430-elf/7.3.2/../../../../msp430-elf/lib/large\libc.a(lib_a-abort.o)
 .lower.data    0x00001d59        0x0 c:/ti/ccs900/ccs/tools/compiler/msp430-gcc-7.3.2.154_win32/bin/../lib/gcc/msp430-elf/7.3.2/../../../../msp430-elf/lib/large\libc.a(lib_a-errno.o)
 .lower.data    0x00001d59        0x0 c:/ti/ccs900/ccs/tools/compiler/msp430-gcc-7.3.2.154_win32/bin/../lib/gcc/msp430-elf/7.3.2/../../../../msp430-elf/lib/large\libc.a(lib_a-signal.o)
 .lower.data    0x00001d59        0x0 c:/ti/ccs900/ccs/tools/compiler/msp430-gcc-7.3.2.154_win32/bin/../lib/gcc/msp430-elf/7.3.2/../../../../msp430-elf/lib/large\libc.a(lib_a-signalr.o)
 .lower.data    0x00001d59        0x0 c:/ti/ccs900/ccs/tools/compiler/msp430-gcc-7.3.2.154_win32/bin/../lib/gcc/msp430-elf/7.3.2/large/crtend.o
 .lower.data    0x00001d59        0x0 c:/ti/ccs900/ccs/tools/compiler/msp430-gcc-7.3.2.154_win32/bin/../lib/gcc/msp430-elf/7.3.2/../../../../msp430-elf/lib/large/crtn.o

.data           0x00001d59        0x1 load address 0x00004655
                0x00001d5a                . = ALIGN (0x2)
 *fill*         0x00001d59        0x1 
 *(.jcr)
 *(.data.rel.ro.local)
 *(.data.rel.ro*)
 *(.dynamic)
 *(.data .data.* .gnu.linkonce.d.*)
 *(.gnu.linkonce.d.*personality*)
 *(.data1)
 *(.got.plt)
 *(.got)
                0x00001d5a                . = ALIGN (0x2)
 *(.sdata .sdata.* .gnu.linkonce.s.* D_2 D_1)
                0x00001d5a                . = ALIGN (0x2)
                0x00001d5a                _edata = .
                [!provide]                PROVIDE (edata, .)
                [!provide]                PROVIDE (__dataend, .)
                0x000044fc                PROVIDE (__romdatastart, LOADADDR (.lower.data))
                0x0000015a                PROVIDE (__romdatacopysize, (SIZEOF (.lower.data) + SIZEOF (.data)))

.upper.data     0x00010000        0x2 load address 0x00004655
                0x00004655                __upper_data_init = LOADADDR (.upper.data)
                0x00010000        0x2 SHORT 0x1
                0x00010002                __high_datastart = .
 *(.upper.data.* .upper.data)
                0x00010002                __high_dataend = .
                0x00000000                __rom_highdatacopysize = (SIZEOF (.upper.data) - 0x2)
                0x00004657                __rom_highdatastart = (LOADADDR (.upper.data) + 0x2)

.lower.bss      0x00001d5a       0x26
                0x00001d5a                . = ALIGN (0x2)
                0x00001d5a                PROVIDE (__bssstart, .)
 *(.lower.bss.* .lower.bss)
 .lower.bss     0x00001d5a        0x0 c:/ti/ccs900/ccs/tools/compiler/msp430-gcc-7.3.2.154_win32/bin/../lib/gcc/msp430-elf/7.3.2/../../../../msp430-elf/lib/large/crt0.o
 .lower.bss     0x00001d5a        0x0 c:/ti/ccs900/ccs/tools/compiler/msp430-gcc-7.3.2.154_win32/bin/../lib/gcc/msp430-elf/7.3.2/large/crtbegin.o
 .lower.bss.completed.3056
                0x00001d5a        0x1 c:/ti/ccs900/ccs/tools/compiler/msp430-gcc-7.3.2.154_win32/bin/../lib/gcc/msp430-elf/7.3.2/large/crtbegin.o
 *fill*         0x00001d5b        0x1 
 .lower.bss.dtor_idx.3058
                0x00001d5c        0x4 c:/ti/ccs900/ccs/tools/compiler/msp430-gcc-7.3.2.154_win32/bin/../lib/gcc/msp430-elf/7.3.2/large/crtbegin.o
 .lower.bss.object.3071
                0x00001d60       0x18 c:/ti/ccs900/ccs/tools/compiler/msp430-gcc-7.3.2.154_win32/bin/../lib/gcc/msp430-elf/7.3.2/large/crtbegin.o
 .lower.bss     0x00001d78        0x0 ./adc.o
 .lower.bss     0x00001d78        0x0 ./blink.o
 .lower.bss     0x00001d78        0x0 c:/ti/ccs900/ccs/tools/compiler/msp430-gcc-7.3.2.154_win32/bin/../lib/gcc/msp430-elf/7.3.2/../../../../msp430-elf/lib/large\libc.a(lib_a-printf.o)
 .lower.bss     0x00001d78        0x0 c:/ti/ccs900/ccs/tools/compiler/msp430-gcc-7.3.2.154_win32/bin/../lib/gcc/msp430-elf/7.3.2/../../../../msp430-elf/lib/large\libc.a(lib_a-findfp.o)
 .lower.bss     0x00001d78        0x0 c:/ti/ccs900/ccs/tools/compiler/msp430-gcc-7.3.2.154_win32/bin/../lib/gcc/msp430-elf/7.3.2/../../../../msp430-elf/lib/large\libc.a(lib_a-fwalk.o)
 .lower.bss     0x00001d78        0x0 c:/ti/ccs900/ccs/tools/compiler/msp430-gcc-7.3.2.154_win32/bin/../lib/gcc/msp430-elf/7.3.2/../../../../msp430-elf/lib/large\libc.a(lib_a-impure.o)
 .lower.bss     0x00001d78        0x0 c:/ti/ccs900/ccs/tools/compiler/msp430-gcc-7.3.2.154_win32/bin/../lib/gcc/msp430-elf/7.3.2/../../../../msp430-elf/lib/large\libc.a(lib_a-memset.o)
 .lower.bss     0x00001d78        0x0 c:/ti/ccs900/ccs/tools/compiler/msp430-gcc-7.3.2.154_win32/bin/../lib/gcc/msp430-elf/7.3.2/../../../../msp430-elf/lib/large\libc.a(lib_a-nano-mallocr.o)
 .lower.bss.__malloc_sbrk_start
                0x00001d78        0x4 c:/ti/ccs900/ccs/tools/compiler/msp430-gcc-7.3.2.154_win32/bin/../lib/gcc/msp430-elf/7.3.2/../../../../msp430-elf/lib/large\libc.a(lib_a-nano-mallocr.o)
                0x00001d78                __malloc_sbrk_start
 .lower.bss.__malloc_free_list
                0x00001d7c        0x4 c:/ti/ccs900/ccs/tools/compiler/msp430-gcc-7.3.2.154_win32/bin/../lib/gcc/msp430-elf/7.3.2/../../../../msp430-elf/lib/large\libc.a(lib_a-nano-mallocr.o)
                0x00001d7c                __malloc_free_list
 .lower.bss     0x00001d80        0x0 c:/ti/ccs900/ccs/tools/compiler/msp430-gcc-7.3.2.154_win32/bin/../lib/gcc/msp430-elf/7.3.2/../../../../msp430-elf/lib/large\libc.a(lib_a-nano-vfprintf.o)
 .lower.bss     0x00001d80        0x0 c:/ti/ccs900/ccs/tools/compiler/msp430-gcc-7.3.2.154_win32/bin/../lib/gcc/msp430-elf/7.3.2/../../../../msp430-elf/lib/large\libc.a(lib_a-sbrkr.o)
 .lower.bss     0x00001d80        0x0 c:/ti/ccs900/ccs/tools/compiler/msp430-gcc-7.3.2.154_win32/bin/../lib/gcc/msp430-elf/7.3.2/../../../../msp430-elf/lib/large\libc.a(lib_a-stdio.o)
 .lower.bss     0x00001d80        0x0 c:/ti/ccs900/ccs/tools/compiler/msp430-gcc-7.3.2.154_win32/bin/../lib/gcc/msp430-elf/7.3.2/../../../../msp430-elf/lib/large\libc.a(lib_a-wbuf.o)
 .lower.bss     0x00001d80        0x0 c:/ti/ccs900/ccs/tools/compiler/msp430-gcc-7.3.2.154_win32/bin/../lib/gcc/msp430-elf/7.3.2/../../../../msp430-elf/lib/large\libc.a(lib_a-writer.o)
 .lower.bss     0x00001d80        0x0 c:/ti/ccs900/ccs/tools/compiler/msp430-gcc-7.3.2.154_win32/bin/../lib/gcc/msp430-elf/7.3.2/../../../../msp430-elf/lib/large\libc.a(lib_a-wsetup.o)
 .lower.bss     0x00001d80        0x0 c:/ti/ccs900/ccs/tools/compiler/msp430-gcc-7.3.2.154_win32/bin/../lib/gcc/msp430-elf/7.3.2/../../../../msp430-elf/lib/large\libc.a(lib_a-closer.o)
 .lower.bss     0x00001d80        0x0 c:/ti/ccs900/ccs/tools/compiler/msp430-gcc-7.3.2.154_win32/bin/../lib/gcc/msp430-elf/7.3.2/../../../../msp430-elf/lib/large\libc.a(lib_a-fclose.o)
 .lower.bss     0x00001d80        0x0 c:/ti/ccs900/ccs/tools/compiler/msp430-gcc-7.3.2.154_win32/bin/../lib/gcc/msp430-elf/7.3.2/../../../../msp430-elf/lib/large\libc.a(lib_a-fflush.o)
 .lower.bss     0x00001d80        0x0 c:/ti/ccs900/ccs/tools/compiler/msp430-gcc-7.3.2.154_win32/bin/../lib/gcc/msp430-elf/7.3.2/../../../../msp430-elf/lib/large\libc.a(lib_a-fputwc.o)
 .lower.bss     0x00001d80        0x0 c:/ti/ccs900/ccs/tools/compiler/msp430-gcc-7.3.2.154_win32/bin/../lib/gcc/msp430-elf/7.3.2/../../../../msp430-elf/lib/large\libc.a(lib_a-fvwrite.o)
 .lower.bss     0x00001d80        0x0 c:/ti/ccs900/ccs/tools/compiler/msp430-gcc-7.3.2.154_win32/bin/../lib/gcc/msp430-elf/7.3.2/../../../../msp430-elf/lib/large\libc.a(lib_a-locale.o)
 .lower.bss._PathLocale
                0x00001d80        0x4 c:/ti/ccs900/ccs/tools/compiler/msp430-gcc-7.3.2.154_win32/bin/../lib/gcc/msp430-elf/7.3.2/../../../../msp430-elf/lib/large\libc.a(lib_a-locale.o)
                0x00001d80                _PathLocale
 .lower.bss.__mlocale_changed
                0x00001d80        0x2 c:/ti/ccs900/ccs/tools/compiler/msp430-gcc-7.3.2.154_win32/bin/../lib/gcc/msp430-elf/7.3.2/../../../../msp430-elf/lib/large\libc.a(lib_a-locale.o)
                0x00001d80                __mlocale_changed
 .lower.bss.__nlocale_changed
                0x00001d80        0x2 c:/ti/ccs900/ccs/tools/compiler/msp430-gcc-7.3.2.154_win32/bin/../lib/gcc/msp430-elf/7.3.2/../../../../msp430-elf/lib/large\libc.a(lib_a-locale.o)
                0x00001d80                __nlocale_changed
 .lower.bss     0x00001d80        0x0 c:/ti/ccs900/ccs/tools/compiler/msp430-gcc-7.3.2.154_win32/bin/../lib/gcc/msp430-elf/7.3.2/../../../../msp430-elf/lib/large\libc.a(lib_a-lseekr.o)
 .lower.bss     0x00001d80        0x0 c:/ti/ccs900/ccs/tools/compiler/msp430-gcc-7.3.2.154_win32/bin/../lib/gcc/msp430-elf/7.3.2/../../../../msp430-elf/lib/large\libc.a(lib_a-makebuf.o)
 .lower.bss     0x00001d80        0x0 c:/ti/ccs900/ccs/tools/compiler/msp430-gcc-7.3.2.154_win32/bin/../lib/gcc/msp430-elf/7.3.2/../../../../msp430-elf/lib/large\libc.a(lib_a-memchr.o)
 .lower.bss     0x00001d80        0x0 c:/ti/ccs900/ccs/tools/compiler/msp430-gcc-7.3.2.154_win32/bin/../lib/gcc/msp430-elf/7.3.2/../../../../msp430-elf/lib/large\libc.a(lib_a-memcpy.o)
 .lower.bss     0x00001d80        0x0 c:/ti/ccs900/ccs/tools/compiler/msp430-gcc-7.3.2.154_win32/bin/../lib/gcc/msp430-elf/7.3.2/../../../../msp430-elf/lib/large\libc.a(lib_a-memmove.o)
 .lower.bss     0x00001d80        0x0 c:/ti/ccs900/ccs/tools/compiler/msp430-gcc-7.3.2.154_win32/bin/../lib/gcc/msp430-elf/7.3.2/../../../../msp430-elf/lib/large\libc.a(lib_a-nano-freer.o)
 .lower.bss     0x00001d80        0x0 c:/ti/ccs900/ccs/tools/compiler/msp430-gcc-7.3.2.154_win32/bin/../lib/gcc/msp430-elf/7.3.2/../../../../msp430-elf/lib/large\libc.a(lib_a-nano-reallocr.o)
 .lower.bss     0x00001d80        0x0 c:/ti/ccs900/ccs/tools/compiler/msp430-gcc-7.3.2.154_win32/bin/../lib/gcc/msp430-elf/7.3.2/../../../../msp430-elf/lib/large\libc.a(lib_a-nano-vfprintf_i.o)
 .lower.bss     0x00001d80        0x0 c:/ti/ccs900/ccs/tools/compiler/msp430-gcc-7.3.2.154_win32/bin/../lib/gcc/msp430-elf/7.3.2/../../../../msp430-elf/lib/large\libc.a(lib_a-readr.o)
 .lower.bss     0x00001d80        0x0 c:/ti/ccs900/ccs/tools/compiler/msp430-gcc-7.3.2.154_win32/bin/../lib/gcc/msp430-elf/7.3.2/../../../../msp430-elf/lib/large\libc.a(lib_a-reent.o)
 .lower.bss     0x00001d80        0x0 c:/ti/ccs900/ccs/tools/compiler/msp430-gcc-7.3.2.154_win32/bin/../lib/gcc/msp430-elf/7.3.2/../../../../msp430-elf/lib/large\libc.a(lib_a-strcmp.o)
 .lower.bss     0x00001d80        0x0 c:/ti/ccs900/ccs/tools/compiler/msp430-gcc-7.3.2.154_win32/bin/../lib/gcc/msp430-elf/7.3.2/../../../../msp430-elf/lib/large\libc.a(lib_a-wcrtomb.o)
 .lower.bss     0x00001d80        0x0 c:/ti/ccs900/ccs/tools/compiler/msp430-gcc-7.3.2.154_win32/bin/../lib/gcc/msp430-elf/7.3.2/../../../../msp430-elf/lib/large\libc.a(lib_a-wctomb_r.o)
 .lower.bss     0x00001d80        0x0 c:/ti/ccs900/ccs/tools/compiler/msp430-gcc-7.3.2.154_win32/bin/../lib/gcc/msp430-elf/7.3.2/../../../../msp430-elf/lib/large\libc.a(lib_a-fstatr.o)
 .lower.bss     0x00001d80        0x0 c:/ti/ccs900/ccs/tools/compiler/msp430-gcc-7.3.2.154_win32/bin/../lib/gcc/msp430-elf/7.3.2/../../../../msp430-elf/lib/large\libc.a(lib_a-isattyr.o)
 .lower.bss     0x00001d80        0x0 c:/ti/ccs900/ccs/tools/compiler/msp430-gcc-7.3.2.154_win32/bin/../lib/gcc/msp430-elf/7.3.2/../../../../msp430-elf/lib/large\libc.a(lib_a-nano-msizer.o)
 .lower.bss     0x00001d80        0x0 c:/ti/ccs900/ccs/tools/compiler/msp430-gcc-7.3.2.154_win32/bin/../lib/gcc/msp430-elf/7.3.2/large\libgcc.a(lib2divHI.o)
 .lower.bss     0x00001d80        0x0 c:/ti/ccs900/ccs/tools/compiler/msp430-gcc-7.3.2.154_win32/bin/../lib/gcc/msp430-elf/7.3.2/large\libgcc.a(lib2divSI.o)
 .lower.bss     0x00001d80        0x0 c:/ti/ccs900/ccs/tools/compiler/msp430-gcc-7.3.2.154_win32/bin/../lib/gcc/msp430-elf/7.3.2/large\libgcc.a(slli.o)
 .lower.bss     0x00001d80        0x0 c:/ti/ccs900/ccs/tools/compiler/msp430-gcc-7.3.2.154_win32/bin/../lib/gcc/msp430-elf/7.3.2/large\libgcc.a(_udivdi3.o)
 .lower.bss     0x00001d80        0x0 c:/ti/ccs900/ccs/tools/compiler/msp430-gcc-7.3.2.154_win32/bin/../lib/gcc/msp430-elf/7.3.2/large\libgcc.a(_lshrdi3.o)
 .lower.bss     0x00001d80        0x0 c:/ti/ccs900/ccs/tools/compiler/msp430-gcc-7.3.2.154_win32/bin/../lib/gcc/msp430-elf/7.3.2/large\libgcc.a(_ashldi3.o)
 .lower.bss     0x00001d80        0x0 c:/ti/ccs900/ccs/tools/compiler/msp430-gcc-7.3.2.154_win32/bin/../lib/gcc/msp430-elf/7.3.2/large\libgcc.a(_clzdi2.o)
 .lower.bss     0x00001d80        0x0 c:/ti/ccs900/ccs/tools/compiler/msp430-gcc-7.3.2.154_win32/bin/../lib/gcc/msp430-elf/7.3.2/large\libgcc.a(srli.o)
 .lower.bss     0x00001d80        0x0 c:/ti/ccs900/ccs/tools/compiler/msp430-gcc-7.3.2.154_win32/bin/../lib/gcc/msp430-elf/7.3.2/large\libgcc.a(_clz.o)
 .lower.bss     0x00001d80        0x0 c:/ti/ccs900/ccs/tools/compiler/msp430-gcc-7.3.2.154_win32/bin/../lib/gcc/msp430-elf/7.3.2/large\libmul_f5.a(lib2hw_mul_f5.o)
 .lower.bss     0x00001d80        0x0 c:/ti/ccs900/ccs/tools/compiler/msp430-gcc-7.3.2.154_win32/bin/../lib/gcc/msp430-elf/7.3.2/large\libgcc.a(_muldi3.o)
 .lower.bss     0x00001d80        0x0 c:/ti/ccs900/ccs/tools/compiler/msp430-gcc-7.3.2.154_win32/bin/../lib/gcc/msp430-elf/7.3.2/../../../../msp430-elf/lib/large\libcrt.a(crt_bss.o)
 .lower.bss     0x00001d80        0x0 c:/ti/ccs900/ccs/tools/compiler/msp430-gcc-7.3.2.154_win32/bin/../lib/gcc/msp430-elf/7.3.2/../../../../msp430-elf/lib/large\libcrt.a(crt_movedata.o)
 .lower.bss     0x00001d80        0x0 c:/ti/ccs900/ccs/tools/compiler/msp430-gcc-7.3.2.154_win32/bin/../lib/gcc/msp430-elf/7.3.2/../../../../msp430-elf/lib/large\libcrt.a(crt_main.o)
 .lower.bss     0x00001d80        0x0 c:/ti/ccs900/ccs/tools/compiler/msp430-gcc-7.3.2.154_win32/bin/../lib/gcc/msp430-elf/7.3.2/../../../../msp430-elf/lib/large\libnosys.a(ciosyscalls.o)
 .lower.bss     0x00001d80        0x0 c:/ti/ccs900/ccs/tools/compiler/msp430-gcc-7.3.2.154_win32/bin/../lib/gcc/msp430-elf/7.3.2/../../../../msp430-elf/lib/large\libnosys.a(write.o)
 .lower.bss     0x00001d80        0x0 c:/ti/ccs900/ccs/tools/compiler/msp430-gcc-7.3.2.154_win32/bin/../lib/gcc/msp430-elf/7.3.2/../../../../msp430-elf/lib/large\libnosys.a(sbrk.o)
 .lower.bss     0x00001d80        0x0 c:/ti/ccs900/ccs/tools/compiler/msp430-gcc-7.3.2.154_win32/bin/../lib/gcc/msp430-elf/7.3.2/../../../../msp430-elf/lib/large\libnosys.a(cio.o)
 .lower.bss     0x00001d80        0x0 c:/ti/ccs900/ccs/tools/compiler/msp430-gcc-7.3.2.154_win32/bin/../lib/gcc/msp430-elf/7.3.2/../../../../msp430-elf/lib/large\libc.a(lib_a-abort.o)
 .lower.bss     0x00001d80        0x0 c:/ti/ccs900/ccs/tools/compiler/msp430-gcc-7.3.2.154_win32/bin/../lib/gcc/msp430-elf/7.3.2/../../../../msp430-elf/lib/large\libc.a(lib_a-errno.o)
 .lower.bss     0x00001d80        0x0 c:/ti/ccs900/ccs/tools/compiler/msp430-gcc-7.3.2.154_win32/bin/../lib/gcc/msp430-elf/7.3.2/../../../../msp430-elf/lib/large\libc.a(lib_a-signal.o)
 .lower.bss     0x00001d80        0x0 c:/ti/ccs900/ccs/tools/compiler/msp430-gcc-7.3.2.154_win32/bin/../lib/gcc/msp430-elf/7.3.2/../../../../msp430-elf/lib/large\libc.a(lib_a-signalr.o)
 .lower.bss     0x00001d80        0x0 c:/ti/ccs900/ccs/tools/compiler/msp430-gcc-7.3.2.154_win32/bin/../lib/gcc/msp430-elf/7.3.2/large/crtend.o
 .lower.bss     0x00001d80        0x0 c:/ti/ccs900/ccs/tools/compiler/msp430-gcc-7.3.2.154_win32/bin/../lib/gcc/msp430-elf/7.3.2/../../../../msp430-elf/lib/large/crtn.o

.bss            0x00001d80        0x2
                0x00001d80                . = ALIGN (0x2)
 *(.dynbss)
 *(.sbss .sbss.*)
 *(.bss .bss.* .gnu.linkonce.b.*)
                0x00001d80                . = ALIGN (0x2)
 *(COMMON)
 COMMON         0x00001d80        0x2 c:/ti/ccs900/ccs/tools/compiler/msp430-gcc-7.3.2.154_win32/bin/../lib/gcc/msp430-elf/7.3.2/../../../../msp430-elf/lib/large\libc.a(lib_a-reent.o)
                0x00001d80                errno
                [!provide]                PROVIDE (__bssend, .)
                0x00000028                PROVIDE (__bsssize, (SIZEOF (.lower.bss) + SIZEOF (.bss)))

.upper.bss      0x00010002        0x0
                0x00010002                . = ALIGN (0x2)
                0x00010002                __high_bssstart = .
 *(.upper.bss.* .upper.bss)
                0x00010002                . = ALIGN (0x2)
                0x00010002                __high_bssend = .
                0x00000000                __high_bsssize = SIZEOF (.upper.bss)

.noinit         0x00001d82        0x0
                0x00001d82                . = ALIGN (0x2)
                [!provide]                PROVIDE (__noinit_start, .)
 *(.noinit)
                0x00001d82                . = ALIGN (0x2)
                [!provide]                PROVIDE (__noinit_end, .)

.heap           0x00001d82        0x4
                0x00001d82                . = ALIGN (0x2)
                0x00001d82                __heap_start__ = .
                0x00001d82                _end = __heap_start__
                0x00001d82                PROVIDE (end, .)
 *(.heap)
                0x00001d82                _end = .
                [!provide]                PROVIDE (end, .)
                0x00001d82        0x4 LONG 0x0
                0x00001d86                __heap_end__ = .
                0x00001d86                __HeapLimit = __heap_end__

.stack          0x00002400        0x0
                0x00002400                PROVIDE (__stack, .)
 *(.stack)

.lower.text     0x00004657        0x1
                0x00004658                . = ALIGN (0x2)
 *fill*         0x00004657        0x1 
 *(.lower.text.* .lower.text)

.text           0x00004658     0x1da4
                0x00004658                PROVIDE (_start, .)
                0x00004658                . = ALIGN (0x2)
 *(SORT(.crt_*))
 .crt_0000start
                0x00004658        0x4 c:/ti/ccs900/ccs/tools/compiler/msp430-gcc-7.3.2.154_win32/bin/../lib/gcc/msp430-elf/7.3.2/../../../../msp430-elf/lib/large/crt0.o
                0x00004658                __crt0_start
 .crt_0100init_bss
                0x0000465c       0x10 c:/ti/ccs900/ccs/tools/compiler/msp430-gcc-7.3.2.154_win32/bin/../lib/gcc/msp430-elf/7.3.2/../../../../msp430-elf/lib/large\libcrt.a(crt_bss.o)
                0x0000465c                __crt0_init_bss
 .crt_0300movedata
                0x0000466c       0x14 c:/ti/ccs900/ccs/tools/compiler/msp430-gcc-7.3.2.154_win32/bin/../lib/gcc/msp430-elf/7.3.2/../../../../msp430-elf/lib/large\libcrt.a(crt_movedata.o)
                0x0000466c                __crt0_movedata
 .crt_0700call_init_then_main
                0x00004680        0xa c:/ti/ccs900/ccs/tools/compiler/msp430-gcc-7.3.2.154_win32/bin/../lib/gcc/msp430-elf/7.3.2/../../../../msp430-elf/lib/large\libcrt.a(crt_main.o)
                0x00004680                __crt0_call_init_then_main
 .crt_0900main_init
                0x0000468a       0x40 c:/ti/ccs900/ccs/tools/compiler/msp430-gcc-7.3.2.154_win32/bin/../lib/gcc/msp430-elf/7.3.2/../../../../msp430-elf/lib/large/crt0.o
                0x0000468a                _msp430_run_init_array
                0x0000469a                _msp430_run_preinit_array
                0x000046aa                _msp430_run_fini_array
                0x000046ca                . = ALIGN (0x2)
 *(.lowtext)
                0x000046ca                . = ALIGN (0x2)
 *(.text .stub .text.* .gnu.linkonce.t.* .text:*)
 .text.deregister_tm_clones
                0x000046ca       0x1c c:/ti/ccs900/ccs/tools/compiler/msp430-gcc-7.3.2.154_win32/bin/../lib/gcc/msp430-elf/7.3.2/large/crtbegin.o
 .text.register_tm_clones
                0x000046e6       0x7e c:/ti/ccs900/ccs/tools/compiler/msp430-gcc-7.3.2.154_win32/bin/../lib/gcc/msp430-elf/7.3.2/large/crtbegin.o
 .text.__do_global_dtors_aux
                0x00004764       0x9e c:/ti/ccs900/ccs/tools/compiler/msp430-gcc-7.3.2.154_win32/bin/../lib/gcc/msp430-elf/7.3.2/large/crtbegin.o
 .text.frame_dummy
                0x00004802       0x1a c:/ti/ccs900/ccs/tools/compiler/msp430-gcc-7.3.2.154_win32/bin/../lib/gcc/msp430-elf/7.3.2/large/crtbegin.o
 .text          0x0000481c       0x4c ./adc.o
                0x0000481c                adc_init
                0x00004860                adc_sample
 .text          0x00004868       0x90 ./blink.o
                0x00004868                ports_init
                0x000048d4                main
 .text.printf   0x000048f8       0x30 c:/ti/ccs900/ccs/tools/compiler/msp430-gcc-7.3.2.154_win32/bin/../lib/gcc/msp430-elf/7.3.2/../../../../msp430-elf/lib/large\libc.a(lib_a-printf.o)
                0x000048f8                iprintf
                0x000048f8                printf
 .text._cleanup_r
                0x00004928        0xa c:/ti/ccs900/ccs/tools/compiler/msp430-gcc-7.3.2.154_win32/bin/../lib/gcc/msp430-elf/7.3.2/../../../../msp430-elf/lib/large\libc.a(lib_a-findfp.o)
                0x00004928                _cleanup_r
 .text.std.isra.0
                0x00004932       0x62 c:/ti/ccs900/ccs/tools/compiler/msp430-gcc-7.3.2.154_win32/bin/../lib/gcc/msp430-elf/7.3.2/../../../../msp430-elf/lib/large\libc.a(lib_a-findfp.o)
 .text.__sfmoreglue
                0x00004994       0x78 c:/ti/ccs900/ccs/tools/compiler/msp430-gcc-7.3.2.154_win32/bin/../lib/gcc/msp430-elf/7.3.2/../../../../msp430-elf/lib/large\libc.a(lib_a-findfp.o)
                0x00004994                __sfmoreglue
 .text.__sinit  0x00004a0c       0x7c c:/ti/ccs900/ccs/tools/compiler/msp430-gcc-7.3.2.154_win32/bin/../lib/gcc/msp430-elf/7.3.2/../../../../msp430-elf/lib/large\libc.a(lib_a-findfp.o)
                0x00004a0c                __sinit
 .text.__sfp    0x00004a88       0xc4 c:/ti/ccs900/ccs/tools/compiler/msp430-gcc-7.3.2.154_win32/bin/../lib/gcc/msp430-elf/7.3.2/../../../../msp430-elf/lib/large\libc.a(lib_a-findfp.o)
                0x00004a88                __sfp
 .text.__sfp_lock_acquire
                0x00004b4c        0x2 c:/ti/ccs900/ccs/tools/compiler/msp430-gcc-7.3.2.154_win32/bin/../lib/gcc/msp430-elf/7.3.2/../../../../msp430-elf/lib/large\libc.a(lib_a-findfp.o)
                0x00004b4c                __sfp_lock_acquire
 .text.__sfp_lock_release
                0x00004b4e        0x2 c:/ti/ccs900/ccs/tools/compiler/msp430-gcc-7.3.2.154_win32/bin/../lib/gcc/msp430-elf/7.3.2/../../../../msp430-elf/lib/large\libc.a(lib_a-findfp.o)
                0x00004b4e                __sfp_lock_release
 .text._fwalk_reent
                0x00004b50       0x50 c:/ti/ccs900/ccs/tools/compiler/msp430-gcc-7.3.2.154_win32/bin/../lib/gcc/msp430-elf/7.3.2/../../../../msp430-elf/lib/large\libc.a(lib_a-fwalk.o)
                0x00004b50                _fwalk_reent
 .text.memset   0x00004ba0       0x1a c:/ti/ccs900/ccs/tools/compiler/msp430-gcc-7.3.2.154_win32/bin/../lib/gcc/msp430-elf/7.3.2/../../../../msp430-elf/lib/large\libc.a(lib_a-memset.o)
                0x00004ba0                memset
 .text._malloc_r
                0x00004bba      0x13a c:/ti/ccs900/ccs/tools/compiler/msp430-gcc-7.3.2.154_win32/bin/../lib/gcc/msp430-elf/7.3.2/../../../../msp430-elf/lib/large\libc.a(lib_a-nano-mallocr.o)
                0x00004bba                _malloc_r
 .text.__sfputc_r
                0x00004cf4       0x38 c:/ti/ccs900/ccs/tools/compiler/msp430-gcc-7.3.2.154_win32/bin/../lib/gcc/msp430-elf/7.3.2/../../../../msp430-elf/lib/large\libc.a(lib_a-nano-vfprintf.o)
 .text.__sfputs_r
                0x00004d2c       0x92 c:/ti/ccs900/ccs/tools/compiler/msp430-gcc-7.3.2.154_win32/bin/../lib/gcc/msp430-elf/7.3.2/../../../../msp430-elf/lib/large\libc.a(lib_a-nano-vfprintf.o)
                0x00004d2c                __sfputs_r
 .text._vfprintf_r
                0x00004dbe      0x2da c:/ti/ccs900/ccs/tools/compiler/msp430-gcc-7.3.2.154_win32/bin/../lib/gcc/msp430-elf/7.3.2/../../../../msp430-elf/lib/large\libc.a(lib_a-nano-vfprintf.o)
                0x00004dbe                _vfprintf_r
                0x00004dbe                _vfiprintf_r
 .text._sbrk_r  0x00005098       0x28 c:/ti/ccs900/ccs/tools/compiler/msp430-gcc-7.3.2.154_win32/bin/../lib/gcc/msp430-elf/7.3.2/../../../../msp430-elf/lib/large\libc.a(lib_a-sbrkr.o)
                0x00005098                _sbrk_r
 .text.__sread  0x000050c0       0x4a c:/ti/ccs900/ccs/tools/compiler/msp430-gcc-7.3.2.154_win32/bin/../lib/gcc/msp430-elf/7.3.2/../../../../msp430-elf/lib/large\libc.a(lib_a-stdio.o)
                0x000050c0                __sread
 .text.__swrite
                0x0000510a       0x4c c:/ti/ccs900/ccs/tools/compiler/msp430-gcc-7.3.2.154_win32/bin/../lib/gcc/msp430-elf/7.3.2/../../../../msp430-elf/lib/large\libc.a(lib_a-stdio.o)
                0x0000510a                __swrite
 .text.__sseek  0x00005156       0x3e c:/ti/ccs900/ccs/tools/compiler/msp430-gcc-7.3.2.154_win32/bin/../lib/gcc/msp430-elf/7.3.2/../../../../msp430-elf/lib/large\libc.a(lib_a-stdio.o)
                0x00005156                __sseek
 .text.__sclose
                0x00005194        0xa c:/ti/ccs900/ccs/tools/compiler/msp430-gcc-7.3.2.154_win32/bin/../lib/gcc/msp430-elf/7.3.2/../../../../msp430-elf/lib/large\libc.a(lib_a-stdio.o)
                0x00005194                __sclose
 .text.__swbuf_r
                0x0000519e       0xde c:/ti/ccs900/ccs/tools/compiler/msp430-gcc-7.3.2.154_win32/bin/../lib/gcc/msp430-elf/7.3.2/../../../../msp430-elf/lib/large\libc.a(lib_a-wbuf.o)
                0x0000519e                __swbuf_r
 .text._write_r
                0x0000527c       0x30 c:/ti/ccs900/ccs/tools/compiler/msp430-gcc-7.3.2.154_win32/bin/../lib/gcc/msp430-elf/7.3.2/../../../../msp430-elf/lib/large\libc.a(lib_a-writer.o)
                0x0000527c                _write_r
 .text.__swsetup_r
                0x000052ac      0x116 c:/ti/ccs900/ccs/tools/compiler/msp430-gcc-7.3.2.154_win32/bin/../lib/gcc/msp430-elf/7.3.2/../../../../msp430-elf/lib/large\libc.a(lib_a-wsetup.o)
                0x000052ac                __swsetup_r
 .text._close_r
                0x000053c2       0x26 c:/ti/ccs900/ccs/tools/compiler/msp430-gcc-7.3.2.154_win32/bin/../lib/gcc/msp430-elf/7.3.2/../../../../msp430-elf/lib/large\libc.a(lib_a-closer.o)
                0x000053c2                _close_r
 .text._fclose_r
                0x000053e8       0xd0 c:/ti/ccs900/ccs/tools/compiler/msp430-gcc-7.3.2.154_win32/bin/../lib/gcc/msp430-elf/7.3.2/../../../../msp430-elf/lib/large\libc.a(lib_a-fclose.o)
                0x000053e8                _fclose_r
 .text.__sflush_r
                0x000054b8      0x1b6 c:/ti/ccs900/ccs/tools/compiler/msp430-gcc-7.3.2.154_win32/bin/../lib/gcc/msp430-elf/7.3.2/../../../../msp430-elf/lib/large\libc.a(lib_a-fflush.o)
                0x000054b8                __sflush_r
 .text._fflush_r
                0x0000566e       0x60 c:/ti/ccs900/ccs/tools/compiler/msp430-gcc-7.3.2.154_win32/bin/../lib/gcc/msp430-elf/7.3.2/../../../../msp430-elf/lib/large\libc.a(lib_a-fflush.o)
                0x0000566e                _fflush_r
 .text.__fputwc
                0x000056ce       0xc0 c:/ti/ccs900/ccs/tools/compiler/msp430-gcc-7.3.2.154_win32/bin/../lib/gcc/msp430-elf/7.3.2/../../../../msp430-elf/lib/large\libc.a(lib_a-fputwc.o)
                0x000056ce                __fputwc
 .text._fputwc_r
                0x0000578e       0x30 c:/ti/ccs900/ccs/tools/compiler/msp430-gcc-7.3.2.154_win32/bin/../lib/gcc/msp430-elf/7.3.2/../../../../msp430-elf/lib/large\libc.a(lib_a-fputwc.o)
                0x0000578e                _fputwc_r
 .text.__locale_charset
                0x000057be        0x6 c:/ti/ccs900/ccs/tools/compiler/msp430-gcc-7.3.2.154_win32/bin/../lib/gcc/msp430-elf/7.3.2/../../../../msp430-elf/lib/large\libc.a(lib_a-locale.o)
                0x000057be                __locale_charset
 .text.__locale_mb_cur_max
                0x000057c4        0x8 c:/ti/ccs900/ccs/tools/compiler/msp430-gcc-7.3.2.154_win32/bin/../lib/gcc/msp430-elf/7.3.2/../../../../msp430-elf/lib/large\libc.a(lib_a-locale.o)
                0x000057c4                __locale_mb_cur_max
 .text._lseek_r
                0x000057cc       0x32 c:/ti/ccs900/ccs/tools/compiler/msp430-gcc-7.3.2.154_win32/bin/../lib/gcc/msp430-elf/7.3.2/../../../../msp430-elf/lib/large\libc.a(lib_a-lseekr.o)
                0x000057cc                _lseek_r
 .text.__swhatbuf_r
                0x000057fe       0x7a c:/ti/ccs900/ccs/tools/compiler/msp430-gcc-7.3.2.154_win32/bin/../lib/gcc/msp430-elf/7.3.2/../../../../msp430-elf/lib/large\libc.a(lib_a-makebuf.o)
                0x000057fe                __swhatbuf_r
 .text.__smakebuf_r
                0x00005878       0x9a c:/ti/ccs900/ccs/tools/compiler/msp430-gcc-7.3.2.154_win32/bin/../lib/gcc/msp430-elf/7.3.2/../../../../msp430-elf/lib/large\libc.a(lib_a-makebuf.o)
                0x00005878                __smakebuf_r
 .text.memchr   0x00005912       0x1c c:/ti/ccs900/ccs/tools/compiler/msp430-gcc-7.3.2.154_win32/bin/../lib/gcc/msp430-elf/7.3.2/../../../../msp430-elf/lib/large\libc.a(lib_a-memchr.o)
                0x00005912                memchr
 .text.memcpy   0x0000592e       0x1e c:/ti/ccs900/ccs/tools/compiler/msp430-gcc-7.3.2.154_win32/bin/../lib/gcc/msp430-elf/7.3.2/../../../../msp430-elf/lib/large\libc.a(lib_a-memcpy.o)
                0x0000592e                memcpy
 .text.memmove  0x0000594c       0x52 c:/ti/ccs900/ccs/tools/compiler/msp430-gcc-7.3.2.154_win32/bin/../lib/gcc/msp430-elf/7.3.2/../../../../msp430-elf/lib/large\libc.a(lib_a-memmove.o)
                0x0000594c                memmove
 .text._free_r  0x0000599e      0x12a c:/ti/ccs900/ccs/tools/compiler/msp430-gcc-7.3.2.154_win32/bin/../lib/gcc/msp430-elf/7.3.2/../../../../msp430-elf/lib/large\libc.a(lib_a-nano-freer.o)
                0x0000599e                _free_r
 .text._printf_common
                0x00005ac8      0x110 c:/ti/ccs900/ccs/tools/compiler/msp430-gcc-7.3.2.154_win32/bin/../lib/gcc/msp430-elf/7.3.2/../../../../msp430-elf/lib/large\libc.a(lib_a-nano-vfprintf_i.o)
                0x00005ac8                _printf_common
 .text._printf_i
                0x00005bd8      0x39c c:/ti/ccs900/ccs/tools/compiler/msp430-gcc-7.3.2.154_win32/bin/../lib/gcc/msp430-elf/7.3.2/../../../../msp430-elf/lib/large\libc.a(lib_a-nano-vfprintf_i.o)
                0x00005bd8                _printf_i
 .text._read_r  0x00005f74       0x30 c:/ti/ccs900/ccs/tools/compiler/msp430-gcc-7.3.2.154_win32/bin/../lib/gcc/msp430-elf/7.3.2/../../../../msp430-elf/lib/large\libc.a(lib_a-readr.o)
                0x00005f74                _read_r
 .text._wcrtomb_r
                0x00005fa4       0x82 c:/ti/ccs900/ccs/tools/compiler/msp430-gcc-7.3.2.154_win32/bin/../lib/gcc/msp430-elf/7.3.2/../../../../msp430-elf/lib/large\libc.a(lib_a-wcrtomb.o)
                0x00005fa4                _wcrtomb_r
 .text.__ascii_wctomb
                0x00006026       0x28 c:/ti/ccs900/ccs/tools/compiler/msp430-gcc-7.3.2.154_win32/bin/../lib/gcc/msp430-elf/7.3.2/../../../../msp430-elf/lib/large\libc.a(lib_a-wctomb_r.o)
                0x00006026                __ascii_wctomb
 .text._fstat_r
                0x0000604e       0x28 c:/ti/ccs900/ccs/tools/compiler/msp430-gcc-7.3.2.154_win32/bin/../lib/gcc/msp430-elf/7.3.2/../../../../msp430-elf/lib/large\libc.a(lib_a-fstatr.o)
                0x0000604e                _fstat_r
 .text._isatty_r
                0x00006076       0x26 c:/ti/ccs900/ccs/tools/compiler/msp430-gcc-7.3.2.154_win32/bin/../lib/gcc/msp430-elf/7.3.2/../../../../msp430-elf/lib/large\libc.a(lib_a-isattyr.o)
                0x00006076                _isatty_r
 .text.udivmodsi4
                0x0000609c       0x8a c:/ti/ccs900/ccs/tools/compiler/msp430-gcc-7.3.2.154_win32/bin/../lib/gcc/msp430-elf/7.3.2/large\libgcc.a(lib2divSI.o)
                0x0000609c                udivmodsi4
 .text.__udivsi3
                0x00006126       0x12 c:/ti/ccs900/ccs/tools/compiler/msp430-gcc-7.3.2.154_win32/bin/../lib/gcc/msp430-elf/7.3.2/large\libgcc.a(lib2divSI.o)
                0x00006126                __mspabi_divlu
                0x00006126                __mspabi_divul
 .text.__umodsi3
                0x00006138       0x12 c:/ti/ccs900/ccs/tools/compiler/msp430-gcc-7.3.2.154_win32/bin/../lib/gcc/msp430-elf/7.3.2/large\libgcc.a(lib2divSI.o)
                0x00006138                __mspabi_remul
 .text          0x0000614a       0x74 c:/ti/ccs900/ccs/tools/compiler/msp430-gcc-7.3.2.154_win32/bin/../lib/gcc/msp430-elf/7.3.2/large\libgcc.a(slli.o)
                0x0000614a                __mspabi_slli_15
                0x0000614c                __mspabi_slli_14
                0x0000614e                __mspabi_slli_13
                0x00006150                __mspabi_slli_12
                0x00006152                __mspabi_slli_11
                0x00006154                __mspabi_slli_10
                0x00006156                __mspabi_slli_9
                0x00006158                __mspabi_slli_8
                0x0000615a                __mspabi_slli_7
                0x0000615c                __mspabi_slli_6
                0x0000615e                __mspabi_slli_5
                0x00006160                __mspabi_slli_4
                0x00006162                __mspabi_slli_3
                0x00006164                __mspabi_slli_2
                0x00006166                __mspabi_slli_1
                0x0000616e                __mspabi_slli
                0x00006174                __mspabi_slll_15
                0x00006178                __mspabi_slll_14
                0x0000617c                __mspabi_slll_13
                0x00006180                __mspabi_slll_12
                0x00006184                __mspabi_slll_11
                0x00006188                __mspabi_slll_10
                0x0000618c                __mspabi_slll_9
                0x00006190                __mspabi_slll_8
                0x00006194                __mspabi_slll_7
                0x00006198                __mspabi_slll_6
                0x0000619c                __mspabi_slll_5
                0x000061a0                __mspabi_slll_4
                0x000061a4                __mspabi_slll_3
                0x000061a8                __mspabi_slll_2
                0x000061ac                __mspabi_slll_1
                0x000061b8                __mspabi_slll
 .text.exit     0x000061be        0x4 c:/ti/ccs900/ccs/tools/compiler/msp430-gcc-7.3.2.154_win32/bin/../lib/gcc/msp430-elf/7.3.2/../../../../msp430-elf/lib/large\libnosys.a(ciosyscalls.o)
                0x000061be                _exit
                0x000061be                exit
 .text.isatty   0x000061c2        0x4 c:/ti/ccs900/ccs/tools/compiler/msp430-gcc-7.3.2.154_win32/bin/../lib/gcc/msp430-elf/7.3.2/../../../../msp430-elf/lib/large\libnosys.a(ciosyscalls.o)
                0x000061c2                _isatty
                0x000061c2                isatty
 .text.getpid   0x000061c6        0x6 c:/ti/ccs900/ccs/tools/compiler/msp430-gcc-7.3.2.154_win32/bin/../lib/gcc/msp430-elf/7.3.2/../../../../msp430-elf/lib/large\libnosys.a(ciosyscalls.o)
                0x000061c6                getpid
 .text.close    0x000061cc       0x10 c:/ti/ccs900/ccs/tools/compiler/msp430-gcc-7.3.2.154_win32/bin/../lib/gcc/msp430-elf/7.3.2/../../../../msp430-elf/lib/large\libnosys.a(ciosyscalls.o)
                0x000061cc                close
 .text.read     0x000061dc       0x10 c:/ti/ccs900/ccs/tools/compiler/msp430-gcc-7.3.2.154_win32/bin/../lib/gcc/msp430-elf/7.3.2/../../../../msp430-elf/lib/large\libnosys.a(ciosyscalls.o)
                0x000061dc                read
 .text.fstat    0x000061ec       0x10 c:/ti/ccs900/ccs/tools/compiler/msp430-gcc-7.3.2.154_win32/bin/../lib/gcc/msp430-elf/7.3.2/../../../../msp430-elf/lib/large\libnosys.a(ciosyscalls.o)
                0x000061ec                fstat
 .text.lseek    0x000061fc       0x10 c:/ti/ccs900/ccs/tools/compiler/msp430-gcc-7.3.2.154_win32/bin/../lib/gcc/msp430-elf/7.3.2/../../../../msp430-elf/lib/large\libnosys.a(ciosyscalls.o)
                0x000061fc                lseek
 .text.kill     0x0000620c       0x10 c:/ti/ccs900/ccs/tools/compiler/msp430-gcc-7.3.2.154_win32/bin/../lib/gcc/msp430-elf/7.3.2/../../../../msp430-elf/lib/large\libnosys.a(ciosyscalls.o)
                0x0000620c                kill
 .text.write    0x0000621c       0x80 c:/ti/ccs900/ccs/tools/compiler/msp430-gcc-7.3.2.154_win32/bin/../lib/gcc/msp430-elf/7.3.2/../../../../msp430-elf/lib/large\libnosys.a(write.o)
                0x0000621c                write
 .text._sbrk    0x0000629c       0x3e c:/ti/ccs900/ccs/tools/compiler/msp430-gcc-7.3.2.154_win32/bin/../lib/gcc/msp430-elf/7.3.2/../../../../msp430-elf/lib/large\libnosys.a(sbrk.o)
                0x0000629c                sbrk
                0x0000629c                _sbrk
 .text          0x000062da        0x4 c:/ti/ccs900/ccs/tools/compiler/msp430-gcc-7.3.2.154_win32/bin/../lib/gcc/msp430-elf/7.3.2/../../../../msp430-elf/lib/large\libnosys.a(cio.o)
                0x000062da                _libgloss_cio_hook
                0x000062da                C$$IO$$
 .text.abort    0x000062de        0xe c:/ti/ccs900/ccs/tools/compiler/msp430-gcc-7.3.2.154_win32/bin/../lib/gcc/msp430-elf/7.3.2/../../../../msp430-elf/lib/large\libc.a(lib_a-abort.o)
                0x000062de                abort
 .text.__errno  0x000062ec        0x6 c:/ti/ccs900/ccs/tools/compiler/msp430-gcc-7.3.2.154_win32/bin/../lib/gcc/msp430-elf/7.3.2/../../../../msp430-elf/lib/large\libc.a(lib_a-errno.o)
                0x000062ec                __errno
 .text._raise_r
                0x000062f2       0x98 c:/ti/ccs900/ccs/tools/compiler/msp430-gcc-7.3.2.154_win32/bin/../lib/gcc/msp430-elf/7.3.2/../../../../msp430-elf/lib/large\libc.a(lib_a-signal.o)
                0x000062f2                _raise_r
 .text.raise    0x0000638a        0xc c:/ti/ccs900/ccs/tools/compiler/msp430-gcc-7.3.2.154_win32/bin/../lib/gcc/msp430-elf/7.3.2/../../../../msp430-elf/lib/large\libc.a(lib_a-signal.o)
                0x0000638a                raise
 .text._kill_r  0x00006396       0x28 c:/ti/ccs900/ccs/tools/compiler/msp430-gcc-7.3.2.154_win32/bin/../lib/gcc/msp430-elf/7.3.2/../../../../msp430-elf/lib/large\libc.a(lib_a-signalr.o)
                0x00006396                _kill_r
 .text._getpid_r
                0x000063be        0x6 c:/ti/ccs900/ccs/tools/compiler/msp430-gcc-7.3.2.154_win32/bin/../lib/gcc/msp430-elf/7.3.2/../../../../msp430-elf/lib/large\libc.a(lib_a-signalr.o)
                0x000063be                _getpid_r
 .text.__do_global_ctors_aux
                0x000063c4       0x1c c:/ti/ccs900/ccs/tools/compiler/msp430-gcc-7.3.2.154_win32/bin/../lib/gcc/msp430-elf/7.3.2/large/crtend.o
 *(.text.*personality*)
 *(.gnu.warning)
 *(.interp .hash .dynsym .dynstr .gnu.version*)
                [!provide]                PROVIDE (__etext, .)
                [!provide]                PROVIDE (_etext, .)
                [!provide]                PROVIDE (etext, .)
                0x000063e0                . = ALIGN (0x2)
 *(.init)
 .init          0x000063e0        0x0 c:/ti/ccs900/ccs/tools/compiler/msp430-gcc-7.3.2.154_win32/bin/../lib/gcc/msp430-elf/7.3.2/../../../../msp430-elf/lib/large/crt0.o
                0x000063e0                __msp430_init
 .init          0x000063e0        0x4 c:/ti/ccs900/ccs/tools/compiler/msp430-gcc-7.3.2.154_win32/bin/../lib/gcc/msp430-elf/7.3.2/large/crtbegin.o
 .init          0x000063e4        0x4 c:/ti/ccs900/ccs/tools/compiler/msp430-gcc-7.3.2.154_win32/bin/../lib/gcc/msp430-elf/7.3.2/large/crtend.o
 .init          0x000063e8        0xa c:/ti/ccs900/ccs/tools/compiler/msp430-gcc-7.3.2.154_win32/bin/../lib/gcc/msp430-elf/7.3.2/../../../../msp430-elf/lib/large/crtn.o
                0x000063f2                __msp430_init_end
 *(.fini)
 .fini          0x000063f2        0x4 c:/ti/ccs900/ccs/tools/compiler/msp430-gcc-7.3.2.154_win32/bin/../lib/gcc/msp430-elf/7.3.2/../../../../msp430-elf/lib/large/crt0.o
                0x000063f2                __msp430_fini
 .fini          0x000063f6        0x4 c:/ti/ccs900/ccs/tools/compiler/msp430-gcc-7.3.2.154_win32/bin/../lib/gcc/msp430-elf/7.3.2/large/crtbegin.o
 .fini          0x000063fa        0x2 c:/ti/ccs900/ccs/tools/compiler/msp430-gcc-7.3.2.154_win32/bin/../lib/gcc/msp430-elf/7.3.2/../../../../msp430-elf/lib/large/crtn.o
                0x000063fc                __msp430_fini_end
 *(.tm_clone_table)
 .tm_clone_table
                0x000063fc        0x0 c:/ti/ccs900/ccs/tools/compiler/msp430-gcc-7.3.2.154_win32/bin/../lib/gcc/msp430-elf/7.3.2/large/crtbegin.o
 .tm_clone_table
                0x000063fc        0x0 c:/ti/ccs900/ccs/tools/compiler/msp430-gcc-7.3.2.154_win32/bin/../lib/gcc/msp430-elf/7.3.2/large/crtend.o
                0x000063fc                __TMC_END__

.upper.text     0x00010002        0x0
                0x00010002                . = ALIGN (0x2)
 *(.upper.text.* .upper.text)

.infoA

.infoB

.infoC

.infoD

.MSP430.attributes
                0x00000000       0x17
 *(.MSP430.attributes)
 .MSP430.attributes
                0x00000000       0x17 c:/ti/ccs900/ccs/tools/compiler/msp430-gcc-7.3.2.154_win32/bin/../lib/gcc/msp430-elf/7.3.2/../../../../msp430-elf/lib/large/crt0.o
 .MSP430.attributes
                0x00000017       0x17 c:/ti/ccs900/ccs/tools/compiler/msp430-gcc-7.3.2.154_win32/bin/../lib/gcc/msp430-elf/7.3.2/large/crtbegin.o
 .MSP430.attributes
                0x0000002e       0x17 ./adc.o
 .MSP430.attributes
                0x00000045       0x17 ./blink.o
 .MSP430.attributes
                0x0000005c       0x17 c:/ti/ccs900/ccs/tools/compiler/msp430-gcc-7.3.2.154_win32/bin/../lib/gcc/msp430-elf/7.3.2/../../../../msp430-elf/lib/large\libc.a(lib_a-printf.o)
 .MSP430.attributes
                0x00000073       0x17 c:/ti/ccs900/ccs/tools/compiler/msp430-gcc-7.3.2.154_win32/bin/../lib/gcc/msp430-elf/7.3.2/../../../../msp430-elf/lib/large\libc.a(lib_a-findfp.o)
 .MSP430.attributes
                0x0000008a       0x17 c:/ti/ccs900/ccs/tools/compiler/msp430-gcc-7.3.2.154_win32/bin/../lib/gcc/msp430-elf/7.3.2/../../../../msp430-elf/lib/large\libc.a(lib_a-fwalk.o)
 .MSP430.attributes
                0x000000a1       0x17 c:/ti/ccs900/ccs/tools/compiler/msp430-gcc-7.3.2.154_win32/bin/../lib/gcc/msp430-elf/7.3.2/../../../../msp430-elf/lib/large\libc.a(lib_a-impure.o)
 .MSP430.attributes
                0x000000b8       0x17 c:/ti/ccs900/ccs/tools/compiler/msp430-gcc-7.3.2.154_win32/bin/../lib/gcc/msp430-elf/7.3.2/../../../../msp430-elf/lib/large\libc.a(lib_a-memset.o)
 .MSP430.attributes
                0x000000cf       0x17 c:/ti/ccs900/ccs/tools/compiler/msp430-gcc-7.3.2.154_win32/bin/../lib/gcc/msp430-elf/7.3.2/../../../../msp430-elf/lib/large\libc.a(lib_a-nano-mallocr.o)
 .MSP430.attributes
                0x000000e6       0x17 c:/ti/ccs900/ccs/tools/compiler/msp430-gcc-7.3.2.154_win32/bin/../lib/gcc/msp430-elf/7.3.2/../../../../msp430-elf/lib/large\libc.a(lib_a-nano-vfprintf.o)
 .MSP430.attributes
                0x000000fd       0x17 c:/ti/ccs900/ccs/tools/compiler/msp430-gcc-7.3.2.154_win32/bin/../lib/gcc/msp430-elf/7.3.2/../../../../msp430-elf/lib/large\libc.a(lib_a-sbrkr.o)
 .MSP430.attributes
                0x00000114       0x17 c:/ti/ccs900/ccs/tools/compiler/msp430-gcc-7.3.2.154_win32/bin/../lib/gcc/msp430-elf/7.3.2/../../../../msp430-elf/lib/large\libc.a(lib_a-stdio.o)
 .MSP430.attributes
                0x0000012b       0x17 c:/ti/ccs900/ccs/tools/compiler/msp430-gcc-7.3.2.154_win32/bin/../lib/gcc/msp430-elf/7.3.2/../../../../msp430-elf/lib/large\libc.a(lib_a-wbuf.o)
 .MSP430.attributes
                0x00000142       0x17 c:/ti/ccs900/ccs/tools/compiler/msp430-gcc-7.3.2.154_win32/bin/../lib/gcc/msp430-elf/7.3.2/../../../../msp430-elf/lib/large\libc.a(lib_a-writer.o)
 .MSP430.attributes
                0x00000159       0x17 c:/ti/ccs900/ccs/tools/compiler/msp430-gcc-7.3.2.154_win32/bin/../lib/gcc/msp430-elf/7.3.2/../../../../msp430-elf/lib/large\libc.a(lib_a-wsetup.o)
 .MSP430.attributes
                0x00000170       0x17 c:/ti/ccs900/ccs/tools/compiler/msp430-gcc-7.3.2.154_win32/bin/../lib/gcc/msp430-elf/7.3.2/../../../../msp430-elf/lib/large\libc.a(lib_a-closer.o)
 .MSP430.attributes
                0x00000187       0x17 c:/ti/ccs900/ccs/tools/compiler/msp430-gcc-7.3.2.154_win32/bin/../lib/gcc/msp430-elf/7.3.2/../../../../msp430-elf/lib/large\libc.a(lib_a-fclose.o)
 .MSP430.attributes
                0x0000019e       0x17 c:/ti/ccs900/ccs/tools/compiler/msp430-gcc-7.3.2.154_win32/bin/../lib/gcc/msp430-elf/7.3.2/../../../../msp430-elf/lib/large\libc.a(lib_a-fflush.o)
 .MSP430.attributes
                0x000001b5       0x17 c:/ti/ccs900/ccs/tools/compiler/msp430-gcc-7.3.2.154_win32/bin/../lib/gcc/msp430-elf/7.3.2/../../../../msp430-elf/lib/large\libc.a(lib_a-fputwc.o)
 .MSP430.attributes
                0x000001cc       0x17 c:/ti/ccs900/ccs/tools/compiler/msp430-gcc-7.3.2.154_win32/bin/../lib/gcc/msp430-elf/7.3.2/../../../../msp430-elf/lib/large\libc.a(lib_a-fvwrite.o)
 .MSP430.attributes
                0x000001e3       0x17 c:/ti/ccs900/ccs/tools/compiler/msp430-gcc-7.3.2.154_win32/bin/../lib/gcc/msp430-elf/7.3.2/../../../../msp430-elf/lib/large\libc.a(lib_a-locale.o)
 .MSP430.attributes
                0x000001fa       0x17 c:/ti/ccs900/ccs/tools/compiler/msp430-gcc-7.3.2.154_win32/bin/../lib/gcc/msp430-elf/7.3.2/../../../../msp430-elf/lib/large\libc.a(lib_a-lseekr.o)
 .MSP430.attributes
                0x00000211       0x17 c:/ti/ccs900/ccs/tools/compiler/msp430-gcc-7.3.2.154_win32/bin/../lib/gcc/msp430-elf/7.3.2/../../../../msp430-elf/lib/large\libc.a(lib_a-makebuf.o)
 .MSP430.attributes
                0x00000228       0x17 c:/ti/ccs900/ccs/tools/compiler/msp430-gcc-7.3.2.154_win32/bin/../lib/gcc/msp430-elf/7.3.2/../../../../msp430-elf/lib/large\libc.a(lib_a-memchr.o)
 .MSP430.attributes
                0x0000023f       0x17 c:/ti/ccs900/ccs/tools/compiler/msp430-gcc-7.3.2.154_win32/bin/../lib/gcc/msp430-elf/7.3.2/../../../../msp430-elf/lib/large\libc.a(lib_a-memcpy.o)
 .MSP430.attributes
                0x00000256       0x17 c:/ti/ccs900/ccs/tools/compiler/msp430-gcc-7.3.2.154_win32/bin/../lib/gcc/msp430-elf/7.3.2/../../../../msp430-elf/lib/large\libc.a(lib_a-memmove.o)
 .MSP430.attributes
                0x0000026d       0x17 c:/ti/ccs900/ccs/tools/compiler/msp430-gcc-7.3.2.154_win32/bin/../lib/gcc/msp430-elf/7.3.2/../../../../msp430-elf/lib/large\libc.a(lib_a-nano-freer.o)
 .MSP430.attributes
                0x00000284       0x17 c:/ti/ccs900/ccs/tools/compiler/msp430-gcc-7.3.2.154_win32/bin/../lib/gcc/msp430-elf/7.3.2/../../../../msp430-elf/lib/large\libc.a(lib_a-nano-reallocr.o)
 .MSP430.attributes
                0x0000029b       0x17 c:/ti/ccs900/ccs/tools/compiler/msp430-gcc-7.3.2.154_win32/bin/../lib/gcc/msp430-elf/7.3.2/../../../../msp430-elf/lib/large\libc.a(lib_a-nano-vfprintf_i.o)
 .MSP430.attributes
                0x000002b2       0x17 c:/ti/ccs900/ccs/tools/compiler/msp430-gcc-7.3.2.154_win32/bin/../lib/gcc/msp430-elf/7.3.2/../../../../msp430-elf/lib/large\libc.a(lib_a-readr.o)
 .MSP430.attributes
                0x000002c9       0x17 c:/ti/ccs900/ccs/tools/compiler/msp430-gcc-7.3.2.154_win32/bin/../lib/gcc/msp430-elf/7.3.2/../../../../msp430-elf/lib/large\libc.a(lib_a-reent.o)
 .MSP430.attributes
                0x000002e0       0x17 c:/ti/ccs900/ccs/tools/compiler/msp430-gcc-7.3.2.154_win32/bin/../lib/gcc/msp430-elf/7.3.2/../../../../msp430-elf/lib/large\libc.a(lib_a-strcmp.o)
 .MSP430.attributes
                0x000002f7       0x17 c:/ti/ccs900/ccs/tools/compiler/msp430-gcc-7.3.2.154_win32/bin/../lib/gcc/msp430-elf/7.3.2/../../../../msp430-elf/lib/large\libc.a(lib_a-wcrtomb.o)
 .MSP430.attributes
                0x0000030e       0x17 c:/ti/ccs900/ccs/tools/compiler/msp430-gcc-7.3.2.154_win32/bin/../lib/gcc/msp430-elf/7.3.2/../../../../msp430-elf/lib/large\libc.a(lib_a-wctomb_r.o)
 .MSP430.attributes
                0x00000325       0x17 c:/ti/ccs900/ccs/tools/compiler/msp430-gcc-7.3.2.154_win32/bin/../lib/gcc/msp430-elf/7.3.2/../../../../msp430-elf/lib/large\libc.a(lib_a-fstatr.o)
 .MSP430.attributes
                0x0000033c       0x17 c:/ti/ccs900/ccs/tools/compiler/msp430-gcc-7.3.2.154_win32/bin/../lib/gcc/msp430-elf/7.3.2/../../../../msp430-elf/lib/large\libc.a(lib_a-isattyr.o)
 .MSP430.attributes
                0x00000353       0x17 c:/ti/ccs900/ccs/tools/compiler/msp430-gcc-7.3.2.154_win32/bin/../lib/gcc/msp430-elf/7.3.2/../../../../msp430-elf/lib/large\libc.a(lib_a-nano-msizer.o)
 .MSP430.attributes
                0x0000036a       0x17 c:/ti/ccs900/ccs/tools/compiler/msp430-gcc-7.3.2.154_win32/bin/../lib/gcc/msp430-elf/7.3.2/large\libgcc.a(lib2divHI.o)
 .MSP430.attributes
                0x00000381       0x17 c:/ti/ccs900/ccs/tools/compiler/msp430-gcc-7.3.2.154_win32/bin/../lib/gcc/msp430-elf/7.3.2/large\libgcc.a(lib2divSI.o)
 .MSP430.attributes
                0x00000398       0x17 c:/ti/ccs900/ccs/tools/compiler/msp430-gcc-7.3.2.154_win32/bin/../lib/gcc/msp430-elf/7.3.2/large\libgcc.a(slli.o)
 .MSP430.attributes
                0x000003af       0x17 c:/ti/ccs900/ccs/tools/compiler/msp430-gcc-7.3.2.154_win32/bin/../lib/gcc/msp430-elf/7.3.2/large\libgcc.a(_udivdi3.o)
 .MSP430.attributes
                0x000003c6       0x17 c:/ti/ccs900/ccs/tools/compiler/msp430-gcc-7.3.2.154_win32/bin/../lib/gcc/msp430-elf/7.3.2/large\libgcc.a(_lshrdi3.o)
 .MSP430.attributes
                0x000003dd       0x17 c:/ti/ccs900/ccs/tools/compiler/msp430-gcc-7.3.2.154_win32/bin/../lib/gcc/msp430-elf/7.3.2/large\libgcc.a(_ashldi3.o)
 .MSP430.attributes
                0x000003f4       0x17 c:/ti/ccs900/ccs/tools/compiler/msp430-gcc-7.3.2.154_win32/bin/../lib/gcc/msp430-elf/7.3.2/large\libgcc.a(_clzdi2.o)
 .MSP430.attributes
                0x0000040b       0x17 c:/ti/ccs900/ccs/tools/compiler/msp430-gcc-7.3.2.154_win32/bin/../lib/gcc/msp430-elf/7.3.2/large\libgcc.a(srli.o)
 .MSP430.attributes
                0x00000422       0x17 c:/ti/ccs900/ccs/tools/compiler/msp430-gcc-7.3.2.154_win32/bin/../lib/gcc/msp430-elf/7.3.2/large\libgcc.a(_clz.o)
 .MSP430.attributes
                0x00000439       0x17 c:/ti/ccs900/ccs/tools/compiler/msp430-gcc-7.3.2.154_win32/bin/../lib/gcc/msp430-elf/7.3.2/large\libmul_f5.a(lib2hw_mul_f5.o)
 .MSP430.attributes
                0x00000450       0x17 c:/ti/ccs900/ccs/tools/compiler/msp430-gcc-7.3.2.154_win32/bin/../lib/gcc/msp430-elf/7.3.2/large\libgcc.a(_muldi3.o)
 .MSP430.attributes
                0x00000467       0x17 c:/ti/ccs900/ccs/tools/compiler/msp430-gcc-7.3.2.154_win32/bin/../lib/gcc/msp430-elf/7.3.2/../../../../msp430-elf/lib/large\libcrt.a(crt_bss.o)
 .MSP430.attributes
                0x0000047e       0x17 c:/ti/ccs900/ccs/tools/compiler/msp430-gcc-7.3.2.154_win32/bin/../lib/gcc/msp430-elf/7.3.2/../../../../msp430-elf/lib/large\libcrt.a(crt_movedata.o)
 .MSP430.attributes
                0x00000495       0x17 c:/ti/ccs900/ccs/tools/compiler/msp430-gcc-7.3.2.154_win32/bin/../lib/gcc/msp430-elf/7.3.2/../../../../msp430-elf/lib/large\libcrt.a(crt_main.o)
 .MSP430.attributes
                0x000004ac       0x17 c:/ti/ccs900/ccs/tools/compiler/msp430-gcc-7.3.2.154_win32/bin/../lib/gcc/msp430-elf/7.3.2/../../../../msp430-elf/lib/large\libnosys.a(ciosyscalls.o)
 .MSP430.attributes
                0x000004c3       0x17 c:/ti/ccs900/ccs/tools/compiler/msp430-gcc-7.3.2.154_win32/bin/../lib/gcc/msp430-elf/7.3.2/../../../../msp430-elf/lib/large\libnosys.a(write.o)
 .MSP430.attributes
                0x000004da       0x17 c:/ti/ccs900/ccs/tools/compiler/msp430-gcc-7.3.2.154_win32/bin/../lib/gcc/msp430-elf/7.3.2/../../../../msp430-elf/lib/large\libnosys.a(sbrk.o)
 .MSP430.attributes
                0x000004f1       0x17 c:/ti/ccs900/ccs/tools/compiler/msp430-gcc-7.3.2.154_win32/bin/../lib/gcc/msp430-elf/7.3.2/../../../../msp430-elf/lib/large\libnosys.a(cio.o)
 .MSP430.attributes
                0x00000508       0x17 c:/ti/ccs900/ccs/tools/compiler/msp430-gcc-7.3.2.154_win32/bin/../lib/gcc/msp430-elf/7.3.2/../../../../msp430-elf/lib/large\libc.a(lib_a-abort.o)
 .MSP430.attributes
                0x0000051f       0x17 c:/ti/ccs900/ccs/tools/compiler/msp430-gcc-7.3.2.154_win32/bin/../lib/gcc/msp430-elf/7.3.2/../../../../msp430-elf/lib/large\libc.a(lib_a-errno.o)
 .MSP430.attributes
                0x00000536       0x17 c:/ti/ccs900/ccs/tools/compiler/msp430-gcc-7.3.2.154_win32/bin/../lib/gcc/msp430-elf/7.3.2/../../../../msp430-elf/lib/large\libc.a(lib_a-signal.o)
 .MSP430.attributes
                0x0000054d       0x17 c:/ti/ccs900/ccs/tools/compiler/msp430-gcc-7.3.2.154_win32/bin/../lib/gcc/msp430-elf/7.3.2/../../../../msp430-elf/lib/large\libc.a(lib_a-signalr.o)
 .MSP430.attributes
                0x00000564       0x17 c:/ti/ccs900/ccs/tools/compiler/msp430-gcc-7.3.2.154_win32/bin/../lib/gcc/msp430-elf/7.3.2/large/crtend.o
 .MSP430.attributes
                0x0000057b       0x17 c:/ti/ccs900/ccs/tools/compiler/msp430-gcc-7.3.2.154_win32/bin/../lib/gcc/msp430-elf/7.3.2/../../../../msp430-elf/lib/large/crtn.o
 *(.gnu.attributes)
 *(__TI_build_attributes)

.stab
 *(.stab)

.stabstr
 *(.stabstr)

.stab.excl
 *(.stab.excl)

.stab.exclstr
 *(.stab.exclstr)

.stab.index
 *(.stab.index)

.stab.indexstr
 *(.stab.indexstr)

.comment        0x00000000       0x3a
 *(.comment)
 .comment       0x00000000       0x3a c:/ti/ccs900/ccs/tools/compiler/msp430-gcc-7.3.2.154_win32/bin/../lib/gcc/msp430-elf/7.3.2/large/crtbegin.o
                                 0x3b (size before relaxing)
 .comment       0x0000003a       0x3b ./adc.o
 .comment       0x0000003a       0x3b ./blink.o
 .comment       0x0000003a       0x3b c:/ti/ccs900/ccs/tools/compiler/msp430-gcc-7.3.2.154_win32/bin/../lib/gcc/msp430-elf/7.3.2/../../../../msp430-elf/lib/large\libc.a(lib_a-printf.o)
 .comment       0x0000003a       0x3b c:/ti/ccs900/ccs/tools/compiler/msp430-gcc-7.3.2.154_win32/bin/../lib/gcc/msp430-elf/7.3.2/../../../../msp430-elf/lib/large\libc.a(lib_a-findfp.o)
 .comment       0x0000003a       0x3b c:/ti/ccs900/ccs/tools/compiler/msp430-gcc-7.3.2.154_win32/bin/../lib/gcc/msp430-elf/7.3.2/../../../../msp430-elf/lib/large\libc.a(lib_a-fwalk.o)
 .comment       0x0000003a       0x3b c:/ti/ccs900/ccs/tools/compiler/msp430-gcc-7.3.2.154_win32/bin/../lib/gcc/msp430-elf/7.3.2/../../../../msp430-elf/lib/large\libc.a(lib_a-impure.o)
 .comment       0x0000003a       0x3b c:/ti/ccs900/ccs/tools/compiler/msp430-gcc-7.3.2.154_win32/bin/../lib/gcc/msp430-elf/7.3.2/../../../../msp430-elf/lib/large\libc.a(lib_a-memset.o)
 .comment       0x0000003a       0x3b c:/ti/ccs900/ccs/tools/compiler/msp430-gcc-7.3.2.154_win32/bin/../lib/gcc/msp430-elf/7.3.2/../../../../msp430-elf/lib/large\libc.a(lib_a-nano-mallocr.o)
 .comment       0x0000003a       0x3b c:/ti/ccs900/ccs/tools/compiler/msp430-gcc-7.3.2.154_win32/bin/../lib/gcc/msp430-elf/7.3.2/../../../../msp430-elf/lib/large\libc.a(lib_a-nano-vfprintf.o)
 .comment       0x0000003a       0x3b c:/ti/ccs900/ccs/tools/compiler/msp430-gcc-7.3.2.154_win32/bin/../lib/gcc/msp430-elf/7.3.2/../../../../msp430-elf/lib/large\libc.a(lib_a-sbrkr.o)
 .comment       0x0000003a       0x3b c:/ti/ccs900/ccs/tools/compiler/msp430-gcc-7.3.2.154_win32/bin/../lib/gcc/msp430-elf/7.3.2/../../../../msp430-elf/lib/large\libc.a(lib_a-stdio.o)
 .comment       0x0000003a       0x3b c:/ti/ccs900/ccs/tools/compiler/msp430-gcc-7.3.2.154_win32/bin/../lib/gcc/msp430-elf/7.3.2/../../../../msp430-elf/lib/large\libc.a(lib_a-wbuf.o)
 .comment       0x0000003a       0x3b c:/ti/ccs900/ccs/tools/compiler/msp430-gcc-7.3.2.154_win32/bin/../lib/gcc/msp430-elf/7.3.2/../../../../msp430-elf/lib/large\libc.a(lib_a-writer.o)
 .comment       0x0000003a       0x3b c:/ti/ccs900/ccs/tools/compiler/msp430-gcc-7.3.2.154_win32/bin/../lib/gcc/msp430-elf/7.3.2/../../../../msp430-elf/lib/large\libc.a(lib_a-wsetup.o)
 .comment       0x0000003a       0x3b c:/ti/ccs900/ccs/tools/compiler/msp430-gcc-7.3.2.154_win32/bin/../lib/gcc/msp430-elf/7.3.2/../../../../msp430-elf/lib/large\libc.a(lib_a-closer.o)
 .comment       0x0000003a       0x3b c:/ti/ccs900/ccs/tools/compiler/msp430-gcc-7.3.2.154_win32/bin/../lib/gcc/msp430-elf/7.3.2/../../../../msp430-elf/lib/large\libc.a(lib_a-fclose.o)
 .comment       0x0000003a       0x3b c:/ti/ccs900/ccs/tools/compiler/msp430-gcc-7.3.2.154_win32/bin/../lib/gcc/msp430-elf/7.3.2/../../../../msp430-elf/lib/large\libc.a(lib_a-fflush.o)
 .comment       0x0000003a       0x3b c:/ti/ccs900/ccs/tools/compiler/msp430-gcc-7.3.2.154_win32/bin/../lib/gcc/msp430-elf/7.3.2/../../../../msp430-elf/lib/large\libc.a(lib_a-fputwc.o)
 .comment       0x0000003a       0x3b c:/ti/ccs900/ccs/tools/compiler/msp430-gcc-7.3.2.154_win32/bin/../lib/gcc/msp430-elf/7.3.2/../../../../msp430-elf/lib/large\libc.a(lib_a-fvwrite.o)
 .comment       0x0000003a       0x3b c:/ti/ccs900/ccs/tools/compiler/msp430-gcc-7.3.2.154_win32/bin/../lib/gcc/msp430-elf/7.3.2/../../../../msp430-elf/lib/large\libc.a(lib_a-locale.o)
 .comment       0x0000003a       0x3b c:/ti/ccs900/ccs/tools/compiler/msp430-gcc-7.3.2.154_win32/bin/../lib/gcc/msp430-elf/7.3.2/../../../../msp430-elf/lib/large\libc.a(lib_a-lseekr.o)
 .comment       0x0000003a       0x3b c:/ti/ccs900/ccs/tools/compiler/msp430-gcc-7.3.2.154_win32/bin/../lib/gcc/msp430-elf/7.3.2/../../../../msp430-elf/lib/large\libc.a(lib_a-makebuf.o)
 .comment       0x0000003a       0x3b c:/ti/ccs900/ccs/tools/compiler/msp430-gcc-7.3.2.154_win32/bin/../lib/gcc/msp430-elf/7.3.2/../../../../msp430-elf/lib/large\libc.a(lib_a-memchr.o)
 .comment       0x0000003a       0x3b c:/ti/ccs900/ccs/tools/compiler/msp430-gcc-7.3.2.154_win32/bin/../lib/gcc/msp430-elf/7.3.2/../../../../msp430-elf/lib/large\libc.a(lib_a-memcpy.o)
 .comment       0x0000003a       0x3b c:/ti/ccs900/ccs/tools/compiler/msp430-gcc-7.3.2.154_win32/bin/../lib/gcc/msp430-elf/7.3.2/../../../../msp430-elf/lib/large\libc.a(lib_a-memmove.o)
 .comment       0x0000003a       0x3b c:/ti/ccs900/ccs/tools/compiler/msp430-gcc-7.3.2.154_win32/bin/../lib/gcc/msp430-elf/7.3.2/../../../../msp430-elf/lib/large\libc.a(lib_a-nano-freer.o)
 .comment       0x0000003a       0x3b c:/ti/ccs900/ccs/tools/compiler/msp430-gcc-7.3.2.154_win32/bin/../lib/gcc/msp430-elf/7.3.2/../../../../msp430-elf/lib/large\libc.a(lib_a-nano-reallocr.o)
 .comment       0x0000003a       0x3b c:/ti/ccs900/ccs/tools/compiler/msp430-gcc-7.3.2.154_win32/bin/../lib/gcc/msp430-elf/7.3.2/../../../../msp430-elf/lib/large\libc.a(lib_a-nano-vfprintf_i.o)
 .comment       0x0000003a       0x3b c:/ti/ccs900/ccs/tools/compiler/msp430-gcc-7.3.2.154_win32/bin/../lib/gcc/msp430-elf/7.3.2/../../../../msp430-elf/lib/large\libc.a(lib_a-readr.o)
 .comment       0x0000003a       0x3b c:/ti/ccs900/ccs/tools/compiler/msp430-gcc-7.3.2.154_win32/bin/../lib/gcc/msp430-elf/7.3.2/../../../../msp430-elf/lib/large\libc.a(lib_a-reent.o)
 .comment       0x0000003a       0x3b c:/ti/ccs900/ccs/tools/compiler/msp430-gcc-7.3.2.154_win32/bin/../lib/gcc/msp430-elf/7.3.2/../../../../msp430-elf/lib/large\libc.a(lib_a-strcmp.o)
 .comment       0x0000003a       0x3b c:/ti/ccs900/ccs/tools/compiler/msp430-gcc-7.3.2.154_win32/bin/../lib/gcc/msp430-elf/7.3.2/../../../../msp430-elf/lib/large\libc.a(lib_a-wcrtomb.o)
 .comment       0x0000003a       0x3b c:/ti/ccs900/ccs/tools/compiler/msp430-gcc-7.3.2.154_win32/bin/../lib/gcc/msp430-elf/7.3.2/../../../../msp430-elf/lib/large\libc.a(lib_a-wctomb_r.o)
 .comment       0x0000003a       0x3b c:/ti/ccs900/ccs/tools/compiler/msp430-gcc-7.3.2.154_win32/bin/../lib/gcc/msp430-elf/7.3.2/../../../../msp430-elf/lib/large\libc.a(lib_a-fstatr.o)
 .comment       0x0000003a       0x3b c:/ti/ccs900/ccs/tools/compiler/msp430-gcc-7.3.2.154_win32/bin/../lib/gcc/msp430-elf/7.3.2/../../../../msp430-elf/lib/large\libc.a(lib_a-isattyr.o)
 .comment       0x0000003a       0x3b c:/ti/ccs900/ccs/tools/compiler/msp430-gcc-7.3.2.154_win32/bin/../lib/gcc/msp430-elf/7.3.2/../../../../msp430-elf/lib/large\libc.a(lib_a-nano-msizer.o)
 .comment       0x0000003a       0x3b c:/ti/ccs900/ccs/tools/compiler/msp430-gcc-7.3.2.154_win32/bin/../lib/gcc/msp430-elf/7.3.2/large\libgcc.a(lib2divHI.o)
 .comment       0x0000003a       0x3b c:/ti/ccs900/ccs/tools/compiler/msp430-gcc-7.3.2.154_win32/bin/../lib/gcc/msp430-elf/7.3.2/large\libgcc.a(lib2divSI.o)
 .comment       0x0000003a       0x3b c:/ti/ccs900/ccs/tools/compiler/msp430-gcc-7.3.2.154_win32/bin/../lib/gcc/msp430-elf/7.3.2/large\libgcc.a(_udivdi3.o)
 .comment       0x0000003a       0x3b c:/ti/ccs900/ccs/tools/compiler/msp430-gcc-7.3.2.154_win32/bin/../lib/gcc/msp430-elf/7.3.2/large\libgcc.a(_lshrdi3.o)
 .comment       0x0000003a       0x3b c:/ti/ccs900/ccs/tools/compiler/msp430-gcc-7.3.2.154_win32/bin/../lib/gcc/msp430-elf/7.3.2/large\libgcc.a(_ashldi3.o)
 .comment       0x0000003a       0x3b c:/ti/ccs900/ccs/tools/compiler/msp430-gcc-7.3.2.154_win32/bin/../lib/gcc/msp430-elf/7.3.2/large\libgcc.a(_clzdi2.o)
 .comment       0x0000003a       0x3b c:/ti/ccs900/ccs/tools/compiler/msp430-gcc-7.3.2.154_win32/bin/../lib/gcc/msp430-elf/7.3.2/large\libgcc.a(_clz.o)
 .comment       0x0000003a       0x3b c:/ti/ccs900/ccs/tools/compiler/msp430-gcc-7.3.2.154_win32/bin/../lib/gcc/msp430-elf/7.3.2/large\libgcc.a(_muldi3.o)
 .comment       0x0000003a       0x3b c:/ti/ccs900/ccs/tools/compiler/msp430-gcc-7.3.2.154_win32/bin/../lib/gcc/msp430-elf/7.3.2/../../../../msp430-elf/lib/large\libnosys.a(write.o)
 .comment       0x0000003a       0x3b c:/ti/ccs900/ccs/tools/compiler/msp430-gcc-7.3.2.154_win32/bin/../lib/gcc/msp430-elf/7.3.2/../../../../msp430-elf/lib/large\libnosys.a(sbrk.o)
 .comment       0x0000003a       0x3b c:/ti/ccs900/ccs/tools/compiler/msp430-gcc-7.3.2.154_win32/bin/../lib/gcc/msp430-elf/7.3.2/../../../../msp430-elf/lib/large\libc.a(lib_a-abort.o)
 .comment       0x0000003a       0x3b c:/ti/ccs900/ccs/tools/compiler/msp430-gcc-7.3.2.154_win32/bin/../lib/gcc/msp430-elf/7.3.2/../../../../msp430-elf/lib/large\libc.a(lib_a-errno.o)
 .comment       0x0000003a       0x3b c:/ti/ccs900/ccs/tools/compiler/msp430-gcc-7.3.2.154_win32/bin/../lib/gcc/msp430-elf/7.3.2/../../../../msp430-elf/lib/large\libc.a(lib_a-signal.o)
 .comment       0x0000003a       0x3b c:/ti/ccs900/ccs/tools/compiler/msp430-gcc-7.3.2.154_win32/bin/../lib/gcc/msp430-elf/7.3.2/../../../../msp430-elf/lib/large\libc.a(lib_a-signalr.o)
 .comment       0x0000003a       0x3b c:/ti/ccs900/ccs/tools/compiler/msp430-gcc-7.3.2.154_win32/bin/../lib/gcc/msp430-elf/7.3.2/large/crtend.o

.debug
 *(.debug)

.line
 *(.line)

.debug_srcinfo
 *(.debug_srcinfo)

.debug_sfnames
 *(.debug_sfnames)

.debug_aranges  0x00000000       0x40
 *(.debug_aranges)
 .debug_aranges
                0x00000000       0x20 ./adc.o
 .debug_aranges
                0x00000020       0x20 ./blink.o

.debug_pubnames
 *(.debug_pubnames)

.debug_info     0x00000000     0x5e1c
 *(.debug_info .gnu.linkonce.wi.*)
 .debug_info    0x00000000     0x2b0a ./adc.o
 .debug_info    0x00002b0a     0x3312 ./blink.o

.debug_abbrev   0x00000000      0x23a
 *(.debug_abbrev)
 .debug_abbrev  0x00000000       0xa8 ./adc.o
 .debug_abbrev  0x000000a8      0x192 ./blink.o

.debug_line     0x00000000      0x35e
 *(.debug_line .debug_line.* .debug_line_end)
 .debug_line    0x00000000      0x187 ./adc.o
 .debug_line    0x00000187      0x1d7 ./blink.o

.debug_frame    0x00000000       0x70
 *(.debug_frame)
 .debug_frame   0x00000000       0x34 ./adc.o
 .debug_frame   0x00000034       0x3c ./blink.o

.debug_str      0x00000000     0x239d
 *(.debug_str)
 .debug_str     0x00000000     0x1f9a ./adc.o
                               0x1fd7 (size before relaxing)
 .debug_str     0x00001f9a      0x403 ./blink.o
                               0x23d7 (size before relaxing)

.debug_loc
 *(.debug_loc)

.debug_macinfo
 *(.debug_macinfo)

.debug_weaknames
 *(.debug_weaknames)

.debug_funcnames
 *(.debug_funcnames)

.debug_typenames
 *(.debug_typenames)

.debug_varnames
 *(.debug_varnames)

.debug_pubtypes
 *(.debug_pubtypes)

.debug_ranges
 *(.debug_ranges)

.debug_macro
 *(.debug_macro)

/DISCARD/
 *(.note.GNU-stack)
                0x00000800                PROVIDE (ADC12CTL0, 0x800)
                [!provide]                PROVIDE (ADC12CTL0_L, 0x800)
                [!provide]                PROVIDE (ADC12CTL0_H, 0x801)
                0x00000802                PROVIDE (ADC12CTL1, 0x802)
                [!provide]                PROVIDE (ADC12CTL1_L, 0x802)
                [!provide]                PROVIDE (ADC12CTL1_H, 0x803)
                0x00000804                PROVIDE (ADC12CTL2, 0x804)
                [!provide]                PROVIDE (ADC12CTL2_L, 0x804)
                [!provide]                PROVIDE (ADC12CTL2_H, 0x805)
                [!provide]                PROVIDE (ADC12CTL3, 0x806)
                [!provide]                PROVIDE (ADC12CTL3_L, 0x806)
                [!provide]                PROVIDE (ADC12CTL3_H, 0x807)
                [!provide]                PROVIDE (ADC12LO, 0x808)
                [!provide]                PROVIDE (ADC12LO_L, 0x808)
                [!provide]                PROVIDE (ADC12LO_H, 0x809)
                [!provide]                PROVIDE (ADC12HI, 0x80a)
                [!provide]                PROVIDE (ADC12HI_L, 0x80a)
                [!provide]                PROVIDE (ADC12HI_H, 0x80b)
                [!provide]                PROVIDE (ADC12IFGR0, 0x80c)
                [!provide]                PROVIDE (ADC12IFGR0_L, 0x80c)
                [!provide]                PROVIDE (ADC12IFGR0_H, 0x80d)
                [!provide]                PROVIDE (ADC12IFGR1, 0x80e)
                [!provide]                PROVIDE (ADC12IFGR1_L, 0x80e)
                [!provide]                PROVIDE (ADC12IFGR1_H, 0x80f)
                [!provide]                PROVIDE (ADC12IFGR2, 0x810)
                [!provide]                PROVIDE (ADC12IFGR2_L, 0x810)
                [!provide]                PROVIDE (ADC12IFGR2_H, 0x811)
                [!provide]                PROVIDE (ADC12IER0, 0x812)
                [!provide]                PROVIDE (ADC12IER0_L, 0x812)
                [!provide]                PROVIDE (ADC12IER0_H, 0x813)
                [!provide]                PROVIDE (ADC12IER1, 0x814)
                [!provide]                PROVIDE (ADC12IER1_L, 0x814)
                [!provide]                PROVIDE (ADC12IER1_H, 0x815)
                [!provide]                PROVIDE (ADC12IER2, 0x816)
                [!provide]                PROVIDE (ADC12IER2_L, 0x816)
                [!provide]                PROVIDE (ADC12IER2_H, 0x817)
                [!provide]                PROVIDE (ADC12IV, 0x818)
                [!provide]                PROVIDE (ADC12IV_L, 0x818)
                [!provide]                PROVIDE (ADC12IV_H, 0x819)
                0x00000820                PROVIDE (ADC12MCTL0, 0x820)
                [!provide]                PROVIDE (ADC12MCTL0_L, 0x820)
                [!provide]                PROVIDE (ADC12MCTL0_H, 0x821)
                [!provide]                PROVIDE (ADC12MCTL1, 0x822)
                [!provide]                PROVIDE (ADC12MCTL1_L, 0x822)
                [!provide]                PROVIDE (ADC12MCTL1_H, 0x823)
                [!provide]                PROVIDE (ADC12MCTL2, 0x824)
                [!provide]                PROVIDE (ADC12MCTL2_L, 0x824)
                [!provide]                PROVIDE (ADC12MCTL2_H, 0x825)
                [!provide]                PROVIDE (ADC12MCTL3, 0x826)
                [!provide]                PROVIDE (ADC12MCTL3_L, 0x826)
                [!provide]                PROVIDE (ADC12MCTL3_H, 0x827)
                [!provide]                PROVIDE (ADC12MCTL4, 0x828)
                [!provide]                PROVIDE (ADC12MCTL4_L, 0x828)
                [!provide]                PROVIDE (ADC12MCTL4_H, 0x829)
                [!provide]                PROVIDE (ADC12MCTL5, 0x82a)
                [!provide]                PROVIDE (ADC12MCTL5_L, 0x82a)
                [!provide]                PROVIDE (ADC12MCTL5_H, 0x82b)
                [!provide]                PROVIDE (ADC12MCTL6, 0x82c)
                [!provide]                PROVIDE (ADC12MCTL6_L, 0x82c)
                [!provide]                PROVIDE (ADC12MCTL6_H, 0x82d)
                [!provide]                PROVIDE (ADC12MCTL7, 0x82e)
                [!provide]                PROVIDE (ADC12MCTL7_L, 0x82e)
                [!provide]                PROVIDE (ADC12MCTL7_H, 0x82f)
                [!provide]                PROVIDE (ADC12MCTL8, 0x830)
                [!provide]                PROVIDE (ADC12MCTL8_L, 0x830)
                [!provide]                PROVIDE (ADC12MCTL8_H, 0x831)
                [!provide]                PROVIDE (ADC12MCTL9, 0x832)